Component: ARM Compiler 5.06 update 6 (build 750) Tool: armlink [4d35ed]

==============================================================================

Section Cross References

    main.o(i.ALL_init) refers to stm32g4xx_hal.o(i.HAL_Init) for HAL_Init
    main.o(i.ALL_init) refers to main.o(i.SystemClock_Config) for SystemClock_Config
    main.o(i.ALL_init) refers to lcd.o(i.LCD_Init) for LCD_Init
    main.o(i.ALL_init) refers to uart.o(i.MX_UART1_Init) for MX_UART1_Init
    main.o(i.ALL_init) refers to adc.o(i.MX_ADC1_Init) for MX_ADC1_Init
    main.o(i.ALL_init) refers to adc.o(i.MX_ADC2_Init) for MX_ADC2_Init
    main.o(i.ALL_init) refers to pwm.o(i.MX_TIM2_PWM2_Init) for MX_TIM2_PWM2_Init
    main.o(i.ALL_init) refers to menu.o(i.menu_init) for menu_init
    main.o(i.ALL_init) refers to led.o(i.LED_init) for LED_init
    main.o(i.ALL_init) refers to menu.o(i.menu_First) for menu_First
    main.o(i.SystemClock_Config) refers to memseta.o(.text) for __aeabi_memclr4
    main.o(i.SystemClock_Config) refers to stm32g4xx_hal_pwr_ex.o(i.HAL_PWREx_ControlVoltageScaling) for HAL_PWREx_ControlVoltageScaling
    main.o(i.SystemClock_Config) refers to stm32g4xx_hal_rcc.o(i.HAL_RCC_OscConfig) for HAL_RCC_OscConfig
    main.o(i.SystemClock_Config) refers to stm32g4xx_hal_rcc.o(i.HAL_RCC_ClockConfig) for HAL_RCC_ClockConfig
    main.o(i.main) refers to main.o(i.ALL_init) for ALL_init
    stm32g4xx_it.o(i.SysTick_Handler) refers to stm32g4xx_hal.o(i.HAL_IncTick) for HAL_IncTick
    startup_stm32g431xx.o(RESET) refers to startup_stm32g431xx.o(STACK) for __initial_sp
    startup_stm32g431xx.o(RESET) refers to startup_stm32g431xx.o(.text) for Reset_Handler
    startup_stm32g431xx.o(RESET) refers to stm32g4xx_it.o(i.NMI_Handler) for NMI_Handler
    startup_stm32g431xx.o(RESET) refers to stm32g4xx_it.o(i.HardFault_Handler) for HardFault_Handler
    startup_stm32g431xx.o(RESET) refers to stm32g4xx_it.o(i.MemManage_Handler) for MemManage_Handler
    startup_stm32g431xx.o(RESET) refers to stm32g4xx_it.o(i.BusFault_Handler) for BusFault_Handler
    startup_stm32g431xx.o(RESET) refers to stm32g4xx_it.o(i.UsageFault_Handler) for UsageFault_Handler
    startup_stm32g431xx.o(RESET) refers to stm32g4xx_it.o(i.SVC_Handler) for SVC_Handler
    startup_stm32g431xx.o(RESET) refers to stm32g4xx_it.o(i.DebugMon_Handler) for DebugMon_Handler
    startup_stm32g431xx.o(RESET) refers to stm32g4xx_it.o(i.PendSV_Handler) for PendSV_Handler
    startup_stm32g431xx.o(RESET) refers to stm32g4xx_it.o(i.SysTick_Handler) for SysTick_Handler
    startup_stm32g431xx.o(RESET) refers to uart.o(i.USART1_IRQHandler) for USART1_IRQHandler
    startup_stm32g431xx.o(.text) refers to system_stm32g4xx.o(i.SystemInit) for SystemInit
    startup_stm32g431xx.o(.text) refers to entry.o(.ARM.Collect$$$$00000000) for __main
    lcd.o(i.LCD_BusIn) refers to memseta.o(.text) for __aeabi_memclr4
    lcd.o(i.LCD_BusIn) refers to stm32g4xx_hal_gpio.o(i.HAL_GPIO_Init) for HAL_GPIO_Init
    lcd.o(i.LCD_BusOut) refers to memseta.o(.text) for __aeabi_memclr4
    lcd.o(i.LCD_BusOut) refers to stm32g4xx_hal_gpio.o(i.HAL_GPIO_Init) for HAL_GPIO_Init
    lcd.o(i.LCD_Clear) refers to lcd.o(i.LCD_SetCursor) for LCD_SetCursor
    lcd.o(i.LCD_Clear) refers to lcd.o(i.LCD_WriteRAM_Prepare) for LCD_WriteRAM_Prepare
    lcd.o(i.LCD_Clear) refers to lcd.o(i.LCD_WriteRAM) for LCD_WriteRAM
    lcd.o(i.LCD_ClearLine) refers to lcd.o(i.LCD_DisplayStringLine) for LCD_DisplayStringLine
    lcd.o(i.LCD_CtrlLinesConfig) refers to memseta.o(.text) for __aeabi_memclr4
    lcd.o(i.LCD_CtrlLinesConfig) refers to stm32g4xx_hal_gpio.o(i.HAL_GPIO_Init) for HAL_GPIO_Init
    lcd.o(i.LCD_CtrlLinesConfig) refers to lcd.o(i.LCD_BusOut) for LCD_BusOut
    lcd.o(i.LCD_DispDecAt) refers to lcd.o(i.LCD_DisplayStringLine) for LCD_DisplayStringLine
    lcd.o(i.LCD_DispFolatAt) refers to memcpya.o(.text) for __aeabi_memcpy4
    lcd.o(i.LCD_DispFolatAt) refers to f2d.o(.text) for __aeabi_f2d
    lcd.o(i.LCD_DispFolatAt) refers to ddiv.o(.text) for __aeabi_ddiv
    lcd.o(i.LCD_DispFolatAt) refers to dadd.o(.text) for __aeabi_dadd
    lcd.o(i.LCD_DispFolatAt) refers to dfixi.o(.text) for __aeabi_d2iz
    lcd.o(i.LCD_DispFolatAt) refers to lcd.o(i.LCD_DisplayStringLine) for LCD_DisplayStringLine
    lcd.o(i.LCD_DispFolatAt) refers to lcd.o(.constdata) for .constdata
    lcd.o(i.LCD_DisplayChar) refers to lcd.o(i.LCD_DrawChar) for LCD_DrawChar
    lcd.o(i.LCD_DisplayChar) refers to lcd.o(.constdata) for .constdata
    lcd.o(i.LCD_DisplayOff) refers to lcd.o(i.LCD_WriteReg) for LCD_WriteReg
    lcd.o(i.LCD_DisplayOn) refers to lcd.o(i.LCD_WriteReg) for LCD_WriteReg
    lcd.o(i.LCD_DisplayStringLine) refers to lcd.o(i.LCD_DisplayChar) for LCD_DisplayChar
    lcd.o(i.LCD_DrawChar) refers to lcd.o(i.LCD_SetCursor) for LCD_SetCursor
    lcd.o(i.LCD_DrawChar) refers to lcd.o(i.LCD_WriteRAM_Prepare) for LCD_WriteRAM_Prepare
    lcd.o(i.LCD_DrawChar) refers to lcd.o(i.LCD_WriteRAM) for LCD_WriteRAM
[...]
    Removing stm32g4xx_hal_uart_ex.o(.rrx_text), (6 bytes).
    Removing stm32g4xx_hal_uart_ex.o(i.HAL_MultiProcessorEx_AddressLength_Set), (48 bytes).
    Removing stm32g4xx_hal_uart_ex.o(i.HAL_RS485Ex_Init), (140 bytes).
    Removing stm32g4xx_hal_uart_ex.o(i.HAL_UARTEx_DisableStopMode), (38 bytes).
    Removing stm32g4xx_hal_uart_ex.o(i.HAL_UARTEx_EnableFifoMode), (74 bytes).
    Removing stm32g4xx_hal_uart_ex.o(i.HAL_UARTEx_EnableStopMode), (38 bytes).
    Removing stm32g4xx_hal_uart_ex.o(i.HAL_UARTEx_StopModeWakeUpSourceConfig), (138 bytes).
    Removing stm32g4xx_hal_adc.o(.rev16_text), (4 bytes).
    Removing stm32g4xx_hal_adc.o(.revsh_text), (4 bytes).
    Removing stm32g4xx_hal_adc.o(.rrx_text), (6 bytes).
    Removing stm32g4xx_hal_adc.o(i.ADC_ConversionStop), (220 bytes).
    Removing stm32g4xx_hal_adc.o(i.ADC_DMAConvCplt), (104 bytes).
    Removing stm32g4xx_hal_adc.o(i.ADC_DMAError), (26 bytes).
    Removing stm32g4xx_hal_adc.o(i.ADC_DMAHalfConvCplt), (10 bytes).
    Removing stm32g4xx_hal_adc.o(i.ADC_Disable), (104 bytes).
    Removing stm32g4xx_hal_adc.o(i.HAL_ADC_AnalogWDGConfig), (600 bytes).
    Removing stm32g4xx_hal_adc.o(i.HAL_ADC_ConvCpltCallback), (2 bytes).
    Removing stm32g4xx_hal_adc.o(i.HAL_ADC_ConvHalfCpltCallback), (2 bytes).
    Removing stm32g4xx_hal_adc.o(i.HAL_ADC_DeInit), (376 bytes).
    Removing stm32g4xx_hal_adc.o(i.HAL_ADC_ErrorCallback), (2 bytes).
    Removing stm32g4xx_hal_adc.o(i.HAL_ADC_GetError), (4 bytes).
    Removing stm32g4xx_hal_adc.o(i.HAL_ADC_GetState), (4 bytes).
    Removing stm32g4xx_hal_adc.o(i.HAL_ADC_IRQHandler), (620 bytes).
    Removing stm32g4xx_hal_adc.o(i.HAL_ADC_LevelOutOfWindowCallback), (2 bytes).
    Removing stm32g4xx_hal_adc.o(i.HAL_ADC_MspDeInit), (2 bytes).
    Removing stm32g4xx_hal_adc.o(i.HAL_ADC_PollForConversion), (244 bytes).
    Removing stm32g4xx_hal_adc.o(i.HAL_ADC_PollForEvent), (190 bytes).
    Removing stm32g4xx_hal_adc.o(i.HAL_ADC_StartSampling), (14 bytes).
    Removing stm32g4xx_hal_adc.o(i.HAL_ADC_Start_DMA), (240 bytes).
    Removing stm32g4xx_hal_adc.o(i.HAL_ADC_Start_IT), (376 bytes).
    Removing stm32g4xx_hal_adc.o(i.HAL_ADC_Stop), (62 bytes).
    Removing stm32g4xx_hal_adc.o(i.HAL_ADC_StopSampling), (14 bytes).
    Removing stm32g4xx_hal_adc.o(i.HAL_ADC_Stop_DMA), (122 bytes).
    Removing stm32g4xx_hal_adc.o(i.HAL_ADC_Stop_IT), (72 bytes).
    Removing stm32g4xx_hal_adc.o(i.LL_ADC_REG_IsTriggerSourceSWStart), (16 bytes).
    Removing stm32g4xx_hal_adc.o(i.LL_ADC_SetAnalogWDMonitChannels), (44 bytes).
    Removing stm32g4xx_hal_adc_ex.o(.rev16_text), (4 bytes).
    Removing stm32g4xx_hal_adc_ex.o(.revsh_text), (4 bytes).
    Removing stm32g4xx_hal_adc_ex.o(.rrx_text), (6 bytes).
    Removing stm32g4xx_hal_adc_ex.o(i.HAL_ADCEx_Calibration_GetValue), (22 bytes).
    Removing stm32g4xx_hal_adc_ex.o(i.HAL_ADCEx_Calibration_SetValue), (122 bytes).
    Removing stm32g4xx_hal_adc_ex.o(i.HAL_ADCEx_Calibration_Start), (148 bytes).
    Removing stm32g4xx_hal_adc_ex.o(i.HAL_ADCEx_DisableInjectedQueue), (48 bytes).
    Removing stm32g4xx_hal_adc_ex.o(i.HAL_ADCEx_DisableVoltageRegulator), (32 bytes).
    Removing stm32g4xx_hal_adc_ex.o(i.HAL_ADCEx_EnableInjectedQueue), (48 bytes).
    Removing stm32g4xx_hal_adc_ex.o(i.HAL_ADCEx_EndOfSamplingCallback), (2 bytes).
    Removing stm32g4xx_hal_adc_ex.o(i.HAL_ADCEx_EnterADCDeepPowerDownMode), (36 bytes).
    Removing stm32g4xx_hal_adc_ex.o(i.HAL_ADCEx_InjectedConfigChannel), (1304 bytes).
    Removing stm32g4xx_hal_adc_ex.o(i.HAL_ADCEx_InjectedConvCpltCallback), (2 bytes).
    Removing stm32g4xx_hal_adc_ex.o(i.HAL_ADCEx_InjectedGetValue), (46 bytes).
    Removing stm32g4xx_hal_adc_ex.o(i.HAL_ADCEx_InjectedPollForConversion), (236 bytes).
    Removing stm32g4xx_hal_adc_ex.o(i.HAL_ADCEx_InjectedQueueOverflowCallback), (2 bytes).
    Removing stm32g4xx_hal_adc_ex.o(i.HAL_ADCEx_InjectedStart), (232 bytes).
    Removing stm32g4xx_hal_adc_ex.o(i.HAL_ADCEx_InjectedStart_IT), (296 bytes).
    Removing stm32g4xx_hal_adc_ex.o(i.HAL_ADCEx_InjectedStop), (84 bytes).
    Removing stm32g4xx_hal_adc_ex.o(i.HAL_ADCEx_InjectedStop_IT), (94 bytes).
    Removing stm32g4xx_hal_adc_ex.o(i.HAL_ADCEx_LevelOutOfWindow2Callback), (2 bytes).
    Removing stm32g4xx_hal_adc_ex.o(i.HAL_ADCEx_LevelOutOfWindow3Callback), (2 bytes).
    Removing stm32g4xx_hal_adc_ex.o(i.HAL_ADCEx_MultiModeConfigChannel), (212 bytes).
    Removing stm32g4xx_hal_adc_ex.o(i.HAL_ADCEx_MultiModeGetValue), (12 bytes).
    Removing stm32g4xx_hal_adc_ex.o(i.HAL_ADCEx_MultiModeStart_DMA), (196 bytes).
    Removing stm32g4xx_hal_adc_ex.o(i.HAL_ADCEx_MultiModeStop_DMA), (204 bytes).
    Removing stm32g4xx_hal_adc_ex.o(i.HAL_ADCEx_RegularMultiModeStop_DMA), (224 bytes).
    Removing stm32g4xx_hal_adc_ex.o(i.HAL_ADCEx_RegularStop), (92 bytes).
    Removing stm32g4xx_hal_adc_ex.o(i.HAL_ADCEx_RegularStop_DMA), (138 bytes).
    Removing stm32g4xx_hal_adc_ex.o(i.HAL_ADCEx_RegularStop_IT), (102 bytes).
    Removing stm32g4xx_hal_adc_ex.o(i.LL_ADC_GetOffsetChannel), (12 bytes).
    Removing stm32g4xx_hal_adc_ex.o(i.LL_ADC_INJ_IsConversionOngoing), (8 bytes).
    Removing stm32g4xx_hal_adc_ex.o(i.LL_ADC_REG_IsConversionOngoing), (8 bytes).
    Removing stm32g4xx_hal_adc_ex.o(i.LL_ADC_SetChannelSamplingTime), (30 bytes).
    Removing stm32g4xx_hal_adc_ex.o(i.LL_ADC_SetOffsetState), (16 bytes).
    Removing system_stm32g4xx.o(.rev16_text), (4 bytes).
    Removing system_stm32g4xx.o(.revsh_text), (4 bytes).
    Removing system_stm32g4xx.o(.rrx_text), (6 bytes).
    Removing system_stm32g4xx.o(i.SystemCoreClockUpdate), (128 bytes).
    Removing dfixul.o(.text), (48 bytes).
    Removing cdrcmple.o(.text), (48 bytes).

597 unused section(s) (total 42574 bytes) removed from the image.

==============================================================================

Image Symbol Table

    Local Symbols

    Symbol Name                              Value     Ov Type        Size  Object(Section)

    ../Drivers/STM32G4xx_HAL_Driver/Src/stm32g4xx_hal.c 0x00000000   Number         0  stm32g4xx_hal.o ABSOLUTE
    ../Drivers/STM32G4xx_HAL_Driver/Src/stm32g4xx_hal_cortex.c 0x00000000   Number         0  stm32g4xx_hal_cortex.o ABSOLUTE
    ../Drivers/STM32G4xx_HAL_Driver/Src/stm32g4xx_hal_dma.c 0x00000000   Number         0  stm32g4xx_hal_dma.o ABSOLUTE
    ../Drivers/STM32G4xx_HAL_Driver/Src/stm32g4xx_hal_dma_ex.c 0x00000000   Number         0  stm32g4xx_hal_dma_ex.o ABSOLUTE
    ../Drivers/STM32G4xx_HAL_Driver/Src/stm32g4xx_hal_exti.c 0x00000000   Number         0  stm32g4xx_hal_exti.o ABSOLUTE
    ../Drivers/STM32G4xx_HAL_Driver/Src/stm32g4xx_hal_flash.c 0x00000000   Number         0  stm32g4xx_hal_flash.o ABSOLUTE
    ../Drivers/STM32G4xx_HAL_Driver/Src/stm32g4xx_hal_flash_ex.c 0x00000000   Number         0  stm32g4xx_hal_flash_ex.o ABSOLUTE
    ../Drivers/STM32G4xx_HAL_Driver/Src/stm32g4xx_hal_flash_ramfunc.c 0x00000000   Number         0  stm32g4xx_hal_flash_ramfunc.o ABSOLUTE
    ../Drivers/STM32G4xx_HAL_Driver/Src/stm32g4xx_hal_gpio.c 0x00000000   Number         0  stm32g4xx_hal_gpio.o ABSOLUTE
    ../Drivers/STM32G4xx_HAL_Driver/Src/stm32g4xx_hal_pwr.c 0x00000000   Number         0  stm32g4xx_hal_pwr.o ABSOLUTE
    ../Drivers/STM32G4xx_HAL_Driver/Src/stm32g4xx_hal_pwr_ex.c 0x00000000   Number         0  stm32g4xx_hal_pwr_ex.o ABSOLUTE
    ../Drivers/STM32G4xx_HAL_Driver/Src/stm32g4xx_hal_rcc.c 0x00000000   Number         0  stm32g4xx_hal_rcc.o ABSOLUTE
    ../Drivers/STM32G4xx_HAL_Driver/Src/stm32g4xx_hal_rcc_ex.c 0x00000000   Number         0  stm32g4xx_hal_rcc_ex.o ABSOLUTE
    ../Drivers/STM32G4xx_HAL_Driver/Src/stm32g4xx_hal_tim.c 0x00000000   Number         0  stm32g4xx_hal_tim.o ABSOLUTE
    ../Drivers/STM32G4xx_HAL_Driver/Src/stm32g4xx_hal_tim_ex.c 0x00000000   Number         0  stm32g4xx_hal_tim_ex.o ABSOLUTE
    ../Drivers/STM32G4xx_HAL_Driver/Src/stm32g4xx_ll_pwr.c 0x00000000   Number         0  stm32g4xx_ll_pwr.o ABSOLUTE
    ../Src/main.c                            0x00000000   Number         0  main.o ABSOLUTE
    ../Src/stm32g4xx_hal_msp.c               0x00000000   Number         0  stm32g4xx_hal_msp.o ABSOLUTE
    ../Src/stm32g4xx_it.c                    0x00000000   Number         0  stm32g4xx_it.o ABSOLUTE
    ../Src/system_stm32g4xx.c                0x00000000   Number         0  system_stm32g4xx.o ABSOLUTE
    ../clib/microlib/division.c              0x00000000   Number         0  uldiv.o ABSOLUTE
    ../clib/microlib/division.c              0x00000000   Number         0  uidiv.o ABSOLUTE
    ../clib/microlib/init/entry.s            0x00000000   Number         0  entry11b.o ABSOLUTE
    ../clib/microlib/init/entry.s            0x00000000   Number         0  entry7a.o ABSOLUTE
    ../clib/microlib/init/entry.s            0x00000000   Number         0  entry7b.o ABSOLUTE
    ../clib/microlib/init/entry.s            0x00000000   Number         0  entry5.o ABSOLUTE
    ../clib/microlib/init/entry.s            0x00000000   Number         0  entry2.o ABSOLUTE
    ../clib/microlib/init/entry.s            0x00000000   Number         0  entry11a.o ABSOLUTE
    ../clib/microlib/init/entry.s            0x00000000   Number         0  entry10b.o ABSOLUTE
    ../clib/microlib/init/entry.s            0x00000000   Number         0  entry8a.o ABSOLUTE
    ../clib/microlib/init/entry.s            0x00000000   Number         0  entry10a.o ABSOLUTE
    ../clib/microlib/init/entry.s            0x00000000   Number         0  entry9b.o ABSOLUTE
    ../clib/microlib/init/entry.s            0x00000000   Number         0  entry8b.o ABSOLUTE
    ../clib/microlib/init/entry.s            0x00000000   Number         0  entry9a.o ABSOLUTE
    ../clib/microlib/init/entry.s            0x00000000   Number         0  entry.o ABSOLUTE
    ../clib/microlib/longlong.c              0x00000000   Number         0  llshl.o ABSOLUTE
    ../clib/microlib/longlong.c              0x00000000   Number         0  llsshr.o ABSOLUTE
    ../clib/microlib/longlong.c              0x00000000   Number         0  llushr.o ABSOLUTE
    ../clib/microlib/printf/printf.c         0x00000000   Number         0  printf2.o ABSOLUTE
    ../clib/microlib/printf/printf.c         0x00000000   Number         0  printf3.o ABSOLUTE
    ../clib/microlib/printf/printf.c         0x00000000   Number         0  printf4.o ABSOLUTE
    ../clib/microlib/printf/printf.c         0x00000000   Number         0  printf5.o ABSOLUTE
    ../clib/microlib/printf/printf.c         0x00000000   Number         0  printf6.o ABSOLUTE
    ../clib/microlib/printf/printf.c         0x00000000   Number         0  printf7.o ABSOLUTE
    ../clib/microlib/printf/printf.c         0x00000000   Number         0  printf8.o ABSOLUTE
    ../clib/microlib/printf/printf.c         0x00000000   Number         0  printfa.o ABSOLUTE
    ../clib/microlib/printf/printf.c         0x00000000   Number         0  printf0.o ABSOLUTE
    ../clib/microlib/printf/printf.c         0x00000000   Number         0  printfb.o ABSOLUTE
    ../clib/microlib/printf/printf.c         0x00000000   Number         0  printf1.o ABSOLUTE
    ../clib/microlib/printf/stubs.s          0x00000000   Number         0  stubs.o ABSOLUTE
    ../clib/microlib/stdio/streams.c         0x00000000   Number         0  stdout.o ABSOLUTE
    ../clib/microlib/string/memcpy.c         0x00000000   Number         0  memcpya.o ABSOLUTE
    ../clib/microlib/string/memcpy.c         0x00000000   Number         0  memcpyb.o ABSOLUTE
    ../clib/microlib/string/memset.c         0x00000000   Number         0  memseta.o ABSOLUTE
    ../clib/microlib/stubs.s                 0x00000000   Number         0  iusefp.o ABSOLUTE
    ../fplib/microlib/d2f.c                  0x00000000   Number         0  d2f.o ABSOLUTE
    ../fplib/microlib/f2d.c                  0x00000000   Number         0  f2d.o ABSOLUTE
    ../fplib/microlib/fpadd.c                0x00000000   Number         0  dadd.o ABSOLUTE
    ../fplib/microlib/fpdiv.c                0x00000000   Number         0  ddiv.o ABSOLUTE
    ../fplib/microlib/fpepilogue.c           0x00000000   Number         0  depilogue.o ABSOLUTE
    ../fplib/microlib/fpepilogue.c           0x00000000   Number         0  fepilogue.o ABSOLUTE
    ../fplib/microlib/fpfix.c                0x00000000   Number         0  dfixi.o ABSOLUTE
    ../fplib/microlib/fpfix.c                0x00000000   Number         0  dfixul.o ABSOLUTE
    ../fplib/microlib/fpflt.c                0x00000000   Number         0  dfltui.o ABSOLUTE
    ../fplib/microlib/fpmul.c                0x00000000   Number         0  dmul.o ABSOLUTE
    ..\Drivers\STM32G4xx_HAL_Driver\Src\stm32g4xx_hal.c 0x00000000   Number         0  stm32g4xx_hal.o ABSOLUTE
    ..\Drivers\STM32G4xx_HAL_Driver\Src\stm32g4xx_hal_adc.c 0x00000000   Number         0  stm32g4xx_hal_adc.o ABSOLUTE
    ..\Drivers\STM32G4xx_HAL_Driver\Src\stm32g4xx_hal_adc_ex.c 0x00000000   Number         0  stm32g4xx_hal_adc_ex.o ABSOLUTE
    ..\Drivers\STM32G4xx_HAL_Driver\Src\stm32g4xx_hal_cortex.c 0x00000000   Number         0  stm32g4xx_hal_cortex.o ABSOLUTE
    ..\Drivers\STM32G4xx_HAL_Driver\Src\stm32g4xx_hal_dma.c 0x00000000   Number         0  stm32g4xx_hal_dma.o ABSOLUTE
    ..\Drivers\STM32G4xx_HAL_Driver\Src\stm32g4xx_hal_dma_ex.c 0x00000000   Number         0  stm32g4xx_hal_dma_ex.o ABSOLUTE
    ..\Drivers\STM32G4xx_HAL_Driver\Src\stm32g4xx_hal_exti.c 0x00000000   Number         0  stm32g4xx_hal_exti.o ABSOLUTE
    ..\Drivers\STM32G4xx_HAL_Driver\Src\stm32g4xx_hal_flash.c 0x00000000   Number         0  stm32g4xx_hal_flash.o ABSOLUTE
    ..\Drivers\STM32G4xx_HAL_Driver\Src\stm32g4xx_hal_flash_ex.c 0x00000000   Number         0  stm32g4xx_hal_flash_ex.o ABSOLUTE
    ..\Drivers\STM32G4xx_HAL_Driver\Src\stm32g4xx_hal_flash_ramfunc.c 0x00000000   Number         0  stm32g4xx_hal_flash_ramfunc.o ABSOLUTE
    ..\Drivers\STM32G4xx_HAL_Driver\Src\stm32g4xx_hal_gpio.c 0x00000000   Number         0  stm32g4xx_hal_gpio.o ABSOLUTE
    ..\Drivers\STM32G4xx_HAL_Driver\Src\stm32g4xx_hal_pwr.c 0x00000000   Number         0  stm32g4xx_hal_pwr.o ABSOLUTE
    ..\Drivers\STM32G4xx_HAL_Driver\Src\stm32g4xx_hal_pwr_ex.c 0x00000000   Number         0  stm32g4xx_hal_pwr_ex.o ABSOLUTE
    ..\Drivers\STM32G4xx_HAL_Driver\Src\stm32g4xx_hal_rcc.c 0x00000000   Number         0  stm32g4xx_hal_rcc.o ABSOLUTE
    ..\Drivers\STM32G4xx_HAL_Driver\Src\stm32g4xx_hal_rcc_ex.c 0x00000000   Number         0  stm32g4xx_hal_rcc_ex.o ABSOLUTE
    ..\Drivers\STM32G4xx_HAL_Driver\Src\stm32g4xx_hal_tim.c 0x00000000   Number         0  stm32g4xx_hal_tim.o ABSOLUTE
    ..\Drivers\STM32G4xx_HAL_Driver\Src\stm32g4xx_hal_tim_ex.c 0x00000000   Number         0  stm32g4xx_hal_tim_ex.o ABSOLUTE
    ..\Drivers\STM32G4xx_HAL_Driver\Src\stm32g4xx_hal_uart.c 0x00000000   Number         0  stm32g4xx_hal_uart.o ABSOLUTE
    ..\Drivers\STM32G4xx_HAL_Driver\Src\stm32g4xx_hal_uart_ex.c 0x00000000   Number         0  stm32g4xx_hal_uart_ex.o ABSOLUTE
    ..\Src\ADC.c                             0x00000000   Number         0  adc.o ABSOLUTE
    ..\Src\LED.c                             0x00000000   Number         0  led.o ABSOLUTE
    ..\Src\key.c                             0x00000000   Number         0  key.o ABSOLUTE
    ..\Src\lcd.c                             0x00000000   Number         0  lcd.o ABSOLUTE
    ..\Src\main.c                            0x00000000   Number         0  main.o ABSOLUTE
    ..\Src\menu.c                            0x00000000   Number         0  menu.o ABSOLUTE
    ..\Src\pwm.c                             0x00000000   Number         0  pwm.o ABSOLUTE
    ..\Src\stm32g4xx_hal_msp.c               0x00000000   Number         0  stm32g4xx_hal_msp.o ABSOLUTE
    ..\Src\stm32g4xx_it.c                    0x00000000   Number         0  stm32g4xx_it.o ABSOLUTE
    ..\Src\system_stm32g4xx.c                0x00000000   Number         0  system_stm32g4xx.o ABSOLUTE
    ..\Src\uart.c                            0x00000000   Number         0  uart.o ABSOLUTE
    ..\\Drivers\\STM32G4xx_HAL_Driver\\Src\\stm32g4xx_hal_adc.c 0x00000000   Number         0  stm32g4xx_hal_adc.o ABSOLUTE
    ..\\Drivers\\STM32G4xx_HAL_Driver\\Src\\stm32g4xx_hal_adc_ex.c 0x00000000   Number         0  stm32g4xx_hal_adc_ex.o ABSOLUTE
    ..\\Drivers\\STM32G4xx_HAL_Driver\\Src\\stm32g4xx_hal_uart.c 0x00000000   Number         0  stm32g4xx_hal_uart.o ABSOLUTE
    ..\\Drivers\\STM32G4xx_HAL_Driver\\Src\\stm32g4xx_hal_uart_ex.c 0x00000000   Number         0  stm32g4xx_hal_uart_ex.o ABSOLUTE
    ..\\Src\\ADC.c                           0x00000000   Number         0  adc.o ABSOLUTE
    ..\\Src\\LED.c                           0x00000000   Number         0  led.o ABSOLUTE
    ..\\Src\\key.c                           0x00000000   Number         0  key.o ABSOLUTE
    ..\\Src\\lcd.c                           0x00000000   Number         0  lcd.o ABSOLUTE
    ..\\Src\\menu.c                          0x00000000   Number         0  menu.o ABSOLUTE
    ..\\Src\\pwm.c                           0x00000000   Number         0  pwm.o ABSOLUTE
    ..\\Src\\uart.c                          0x00000000   Number         0  uart.o ABSOLUTE
    cdrcmple.s                               0x00000000   Number         0  cdrcmple.o ABSOLUTE
    dc.s                                     0x00000000   Number         0  dc.o ABSOLUTE
    handlers.s                               0x00000000   Number         0  handlers.o ABSOLUTE
    init.s                                   0x00000000   Number         0  init.o ABSOLUTE
    startup_stm32g431xx.s                    0x00000000   Number         0  startup_stm32g431xx.o ABSOLUTE
    RESET                                    0x08000000   Section      472  startup_stm32g431xx.o(RESET)
    .ARM.Collect$$$$00000000                 0x080001d8   Section        0  entry.o(.ARM.Collect$$$$00000000)
    .ARM.Collect$$$$00000001                 0x080001d8   Section        4  entry2.o(.ARM.Collect$$$$00000001)
    .ARM.Collect$$$$00000004                 0x080001dc   Section        4  entry5.o(.ARM.Collect$$$$00000004)
    .ARM.Collect$$$$00000008                 0x080001e0   Section        0  entry7b.o(.ARM.Collect$$$$00000008)
    .ARM.Collect$$$$0000000A                 0x080001e0   Section        0  entry8b.o(.ARM.Collect$$$$0000000A)
    .ARM.Collect$$$$0000000B                 0x080001e0   Section        8  entry9a.o(.ARM.Collect$$$$0000000B)
    .ARM.Collect$$$$0000000D                 0x080001e8   Section        0  entry10a.o(.ARM.Collect$$$$0000000D)
    .ARM.Collect$$$$0000000F                 0x080001e8   Section        0  entry11a.o(.ARM.Collect$$$$0000000F)
    .ARM.Collect$$$$00002712                 0x080001e8   Section        4  entry2.o(.ARM.Collect$$$$00002712)
    __lit__00000000                          0x080001e8   Data           4  entry2.o(.ARM.Collect$$$$00002712)
    .text                                    0x080001ec   Section       36  startup_stm32g431xx.o(.text)
    $v0                                      0x080001ec   Number         0  startup_stm32g431xx.o(.text)
    .text                                    0x08000210   Section        0  uldiv.o(.text)
    .text                                    0x08000272   Section        0  memcpya.o(.text)
    .text                                    0x08000296   Section        0  memseta.o(.text)
    .text                                    0x080002ba   Section        0  dadd.o(.text)
    .text                                    0x08000408   Section        0  dmul.o(.text)
    .text                                    0x080004ec   Section        0  ddiv.o(.text)
    .text                                    0x080005ca   Section        0  dfltui.o(.text)
    .text                                    0x080005e4   Section        0  dfixi.o(.text)
    .text                                    0x08000622   Section        0  f2d.o(.text)
    .text                                    0x08000648   Section        0  d2f.o(.text)
    .text                                    0x08000680   Section        0  llshl.o(.text)
    .text                                    0x0800069e   Section        0  llushr.o(.text)
    .text                                    0x080006be   Section        0  llsshr.o(.text)
    .text                                    0x080006e2   Section        0  fepilogue.o(.text)
    .text                                    0x080006e2   Section        0  iusefp.o(.text)
    .text                                    0x08000750   Section        0  depilogue.o(.text)
    .text                                    0x0800080c   Section       36  init.o(.text)
    i.ADC_Enable                             0x08000830   Section        0  stm32g4xx_hal_adc.o(i.ADC_Enable)
    i.ALL_init                               0x08000898   Section        0  main.o(i.ALL_init)
    i.BusFault_Handler                       0x080008c6   Section        0  stm32g4xx_it.o(i.BusFault_Handler)
    i.DebugMon_Handler                       0x080008c8   Section        0  stm32g4xx_it.o(i.DebugMon_Handler)
    i.Delay_LCD                              0x080008ca   Section        0  lcd.o(i.Delay_LCD)
    i.HAL_ADC_ConfigChannel                  0x080008e8   Section        0  stm32g4xx_hal_adc.o(i.HAL_ADC_ConfigChannel)
    i.HAL_ADC_GetValue                       0x08000d08   Section        0  stm32g4xx_hal_adc.o(i.HAL_ADC_GetValue)
    i.HAL_ADC_Init                           0x08000d10   Section        0  stm32g4xx_hal_adc.o(i.HAL_ADC_Init)
    i.HAL_ADC_MspInit                        0x08000f08   Section        0  stm32g4xx_hal_adc.o(i.HAL_ADC_MspInit)
    i.HAL_ADC_Start                          0x08000f0c   Section        0  stm32g4xx_hal_adc.o(i.HAL_ADC_Start)
    i.HAL_DMA_Abort_IT                       0x08001000   Section        0  stm32g4xx_hal_dma.o(i.HAL_DMA_Abort_IT)
    i.HAL_Delay                              0x08001078   Section        0  stm32g4xx_hal.o(i.HAL_Delay)
    i.HAL_GPIO_Init                          0x0800109c   Section        0  stm32g4xx_hal_gpio.o(i.HAL_GPIO_Init)
    i.HAL_GPIO_ReadPin                       0x08001264   Section        0  stm32g4xx_hal_gpio.o(i.HAL_GPIO_ReadPin)
    i.HAL_GPIO_WritePin                      0x0800126e   Section        0  stm32g4xx_hal_gpio.o(i.HAL_GPIO_WritePin)
    i.HAL_GetTick                            0x08001278   Section        0  stm32g4xx_hal.o(i.HAL_GetTick)
    i.HAL_IncTick                            0x08001284   Section        0  stm32g4xx_hal.o(i.HAL_IncTick)
    i.HAL_Init                               0x08001294   Section        0  stm32g4xx_hal.o(i.HAL_Init)
    i.HAL_InitTick                           0x080012b4   Section        0  stm32g4xx_hal.o(i.HAL_InitTick)
    i.HAL_MspInit                            0x080012f8   Section        0  stm32g4xx_hal_msp.o(i.HAL_MspInit)
    i.HAL_MultiProcessor_Init                0x08001330   Section        0  stm32g4xx_hal_uart.o(i.HAL_MultiProcessor_Init)
    i.HAL_NVIC_EnableIRQ                     0x080013ba   Section        0  stm32g4xx_hal_cortex.o(i.HAL_NVIC_EnableIRQ)
    i.HAL_NVIC_SetPriority                   0x080013d4   Section        0  stm32g4xx_hal_cortex.o(i.HAL_NVIC_SetPriority)
    i.HAL_NVIC_SetPriorityGrouping           0x08001414   Section        0  stm32g4xx_hal_cortex.o(i.HAL_NVIC_SetPriorityGrouping)
    i.HAL_PWREx_ControlVoltageScaling        0x08001438   Section        0  stm32g4xx_hal_pwr_ex.o(i.HAL_PWREx_ControlVoltageScaling)
    i.HAL_RCCEx_PeriphCLKConfig              0x080014f4   Section        0  stm32g4xx_hal_rcc_ex.o(i.HAL_RCCEx_PeriphCLKConfig)
    i.HAL_RCC_ClockConfig                    0x0800177c   Section        0  stm32g4xx_hal_rcc.o(i.HAL_RCC_ClockConfig)
    i.HAL_RCC_GetPCLK1Freq                   0x08001958   Section        0  stm32g4xx_hal_rcc.o(i.HAL_RCC_GetPCLK1Freq)
    i.HAL_RCC_GetPCLK2Freq                   0x0800197c   Section        0  stm32g4xx_hal_rcc.o(i.HAL_RCC_GetPCLK2Freq)
    i.HAL_RCC_GetSysClockFreq                0x080019a0   Section        0  stm32g4xx_hal_rcc.o(i.HAL_RCC_GetSysClockFreq)
    i.HAL_RCC_OscConfig                      0x08001a10   Section        0  stm32g4xx_hal_rcc.o(i.HAL_RCC_OscConfig)
    i.HAL_SYSTICK_Config                     0x08001e1c   Section        0  stm32g4xx_hal_cortex.o(i.HAL_SYSTICK_Config)
    i.HAL_TIM_Base_Init                      0x08001e44   Section        0  stm32g4xx_hal_tim.o(i.HAL_TIM_Base_Init)
    i.HAL_TIM_Base_MspInit                   0x08001ea6   Section        0  stm32g4xx_hal_tim.o(i.HAL_TIM_Base_MspInit)
    i.HAL_TIM_PWM_ConfigChannel              0x08001ea8   Section        0  stm32g4xx_hal_tim.o(i.HAL_TIM_PWM_ConfigChannel)
    i.HAL_TIM_PWM_Start                      0x08001fc8   Section        0  stm32g4xx_hal_tim.o(i.HAL_TIM_PWM_Start)
    i.HAL_TIM_PWM_Stop                       0x0800209c   Section        0  stm32g4xx_hal_tim.o(i.HAL_TIM_PWM_Stop)
    i.HAL_UARTEx_DisableFifoMode             0x08002148   Section        0  stm32g4xx_hal_uart_ex.o(i.HAL_UARTEx_DisableFifoMode)
    i.HAL_UARTEx_RxFifoFullCallback          0x08002186   Section        0  stm32g4xx_hal_uart_ex.o(i.HAL_UARTEx_RxFifoFullCallback)
    i.HAL_UARTEx_SetRxFifoThreshold          0x08002188   Section        0  stm32g4xx_hal_uart_ex.o(i.HAL_UARTEx_SetRxFifoThreshold)
    i.HAL_UARTEx_SetTxFifoThreshold          0x080021d4   Section        0  stm32g4xx_hal_uart_ex.o(i.HAL_UARTEx_SetTxFifoThreshold)
    i.HAL_UARTEx_TxFifoEmptyCallback         0x08002220   Section        0  stm32g4xx_hal_uart_ex.o(i.HAL_UARTEx_TxFifoEmptyCallback)
    i.HAL_UARTEx_WakeupCallback              0x08002222   Section        0  stm32g4xx_hal_uart_ex.o(i.HAL_UARTEx_WakeupCallback)
    i.HAL_UART_ErrorCallback                 0x08002224   Section        0  stm32g4xx_hal_uart.o(i.HAL_UART_ErrorCallback)
    i.HAL_UART_IRQHandler                    0x08002228   Section        0  stm32g4xx_hal_uart.o(i.HAL_UART_IRQHandler)
    i.HAL_UART_MspInit                       0x080023c4   Section        0  stm32g4xx_hal_uart.o(i.HAL_UART_MspInit)
    i.HAL_UART_Receive_IT                    0x080023c8   Section        0  stm32g4xx_hal_uart.o(i.HAL_UART_Receive_IT)
    i.HAL_UART_RxCpltCallback                0x080024c4   Section        0  uart.o(i.HAL_UART_RxCpltCallback)
    i.HAL_UART_TxCpltCallback                0x080024d4   Section        0  stm32g4xx_hal_uart.o(i.HAL_UART_TxCpltCallback)
    i.HardFault_Handler                      0x080024d6   Section        0  stm32g4xx_it.o(i.HardFault_Handler)
    i.LCD_BusIn                              0x080024d8   Section        0  lcd.o(i.LCD_BusIn)
    i.LCD_BusOut                             0x08002504   Section        0  lcd.o(i.LCD_BusOut)
    i.LCD_Clear                              0x08002534   Section        0  lcd.o(i.LCD_Clear)
    i.LCD_CtrlLinesConfig                    0x08002558   Section        0  lcd.o(i.LCD_CtrlLinesConfig)
    i.LCD_DispDecAt                          0x080025e8   Section        0  lcd.o(i.LCD_DispDecAt)
    i.LCD_DispFolatAt                        0x0800265c   Section        0  lcd.o(i.LCD_DispFolatAt)
    i.LCD_DisplayChar                        0x08002784   Section        0  lcd.o(i.LCD_DisplayChar)
    i.LCD_DisplayStringLine                  0x0800279c   Section        0  lcd.o(i.LCD_DisplayStringLine)
    i.LCD_DrawChar                           0x080027c8   Section        0  lcd.o(i.LCD_DrawChar)
    i.LCD_Init                               0x08002824   Section        0  lcd.o(i.LCD_Init)
    i.LCD_ReadReg                            0x08002858   Section        0  lcd.o(i.LCD_ReadReg)
    i.LCD_SetBackColor                       0x080028d8   Section        0  lcd.o(i.LCD_SetBackColor)
    i.LCD_SetCursor                          0x080028e8   Section        0  lcd.o(i.LCD_SetCursor)
    i.LCD_SetTextColor                       0x08002900   Section        0  lcd.o(i.LCD_SetTextColor)
    i.LCD_WriteRAM                           0x08002910   Section        0  lcd.o(i.LCD_WriteRAM)
    i.LCD_WriteRAM_Prepare                   0x08002968   Section        0  lcd.o(i.LCD_WriteRAM_Prepare)
    i.LCD_WriteReg                           0x080029c4   Section        0  lcd.o(i.LCD_WriteReg)
    i.LED1                                   0x08002a30   Section        0  led.o(i.LED1)
    i.LED_Close                              0x08002a4c   Section        0  led.o(i.LED_Close)
    i.LED_init                               0x08002a7c   Section        0  led.o(i.LED_init)
    i.LL_ADC_GetOffsetChannel                0x08002b10   Section        0  stm32g4xx_hal_adc.o(i.LL_ADC_GetOffsetChannel)
    LL_ADC_GetOffsetChannel                  0x08002b11   Thumb Code    12  stm32g4xx_hal_adc.o(i.LL_ADC_GetOffsetChannel)
    i.LL_ADC_INJ_IsConversionOngoing         0x08002b1c   Section        0  stm32g4xx_hal_adc.o(i.LL_ADC_INJ_IsConversionOngoing)
    LL_ADC_INJ_IsConversionOngoing           0x08002b1d   Thumb Code     8  stm32g4xx_hal_adc.o(i.LL_ADC_INJ_IsConversionOngoing)
    i.LL_ADC_REG_IsConversionOngoing         0x08002b24   Section        0  stm32g4xx_hal_adc.o(i.LL_ADC_REG_IsConversionOngoing)
    LL_ADC_REG_IsConversionOngoing           0x08002b25   Thumb Code     8  stm32g4xx_hal_adc.o(i.LL_ADC_REG_IsConversionOngoing)
    i.LL_ADC_SetChannelSamplingTime          0x08002b2c   Section        0  stm32g4xx_hal_adc.o(i.LL_ADC_SetChannelSamplingTime)
    LL_ADC_SetChannelSamplingTime            0x08002b2d   Thumb Code    30  stm32g4xx_hal_adc.o(i.LL_ADC_SetChannelSamplingTime)
    i.LL_ADC_SetOffsetState                  0x08002b4a   Section        0  stm32g4xx_hal_adc.o(i.LL_ADC_SetOffsetState)
    LL_ADC_SetOffsetState                    0x08002b4b   Thumb Code    16  stm32g4xx_hal_adc.o(i.LL_ADC_SetOffsetState)
    i.MX_ADC1_Init                           0x08002b5c   Section        0  adc.o(i.MX_ADC1_Init)
    i.MX_ADC2_Init                           0x08002c14   Section        0  adc.o(i.MX_ADC2_Init)
    i.MX_TIM2_PWM2_Init                      0x08002ccc   Section        0  pwm.o(i.MX_TIM2_PWM2_Init)
    i.MX_UART1_Init                          0x08002ddc   Section        0  uart.o(i.MX_UART1_Init)
    i.MemManage_Handler                      0x08002ea8   Section        0  stm32g4xx_it.o(i.MemManage_Handler)
    i.NMI_Handler                            0x08002eaa   Section        0  stm32g4xx_it.o(i.NMI_Handler)
    i.PendSV_Handler                         0x08002eac   Section        0  stm32g4xx_it.o(i.PendSV_Handler)
    i.REG_8230_Init                          0x08002eae   Section        0  lcd.o(i.REG_8230_Init)
    i.REG_932X_Init                          0x08002fc0   Section        0  lcd.o(i.REG_932X_Init)
    i.SVC_Handler                            0x080031c2   Section        0  stm32g4xx_it.o(i.SVC_Handler)
    i.Set_TIM16_PWM1_Duty                    0x080031c4   Section        0  pwm.o(i.Set_TIM16_PWM1_Duty)
    i.Set_TIM17_PWM1_Duty                    0x080031f0   Section        0  pwm.o(i.Set_TIM17_PWM1_Duty)
    i.SysTick_Handler                        0x0800321c   Section        0  stm32g4xx_it.o(i.SysTick_Handler)
    i.SystemClock_Config                     0x08003220   Section        0  main.o(i.SystemClock_Config)
    i.SystemInit                             0x0800327c   Section        0  system_stm32g4xx.o(i.SystemInit)
    i.TIM_Base_SetConfig                     0x08003298   Section        0  stm32g4xx_hal_tim.o(i.TIM_Base_SetConfig)
    i.TIM_CCxChannelCmd                      0x08003348   Section        0  stm32g4xx_hal_tim.o(i.TIM_CCxChannelCmd)
    i.TIM_OC1_SetConfig                      0x08003364   Section        0  stm32g4xx_hal_tim.o(i.TIM_OC1_SetConfig)
    TIM_OC1_SetConfig                        0x08003365   Thumb Code   132  stm32g4xx_hal_tim.o(i.TIM_OC1_SetConfig)
    i.TIM_OC2_SetConfig                      0x08003400   Section        0  stm32g4xx_hal_tim.o(i.TIM_OC2_SetConfig)
    i.TIM_OC3_SetConfig                      0x08003490   Section        0  stm32g4xx_hal_tim.o(i.TIM_OC3_SetConfig)
    TIM_OC3_SetConfig                        0x08003491   Thumb Code   118  stm32g4xx_hal_tim.o(i.TIM_OC3_SetConfig)
    i.TIM_OC4_SetConfig                      0x08003520   Section        0  stm32g4xx_hal_tim.o(i.TIM_OC4_SetConfig)
    TIM_OC4_SetConfig                        0x08003521   Thumb Code   120  stm32g4xx_hal_tim.o(i.TIM_OC4_SetConfig)
    i.TIM_OC5_SetConfig                      0x080035b0   Section        0  stm32g4xx_hal_tim.o(i.TIM_OC5_SetConfig)
    TIM_OC5_SetConfig                        0x080035b1   Thumb Code    86  stm32g4xx_hal_tim.o(i.TIM_OC5_SetConfig)
    i.TIM_OC6_SetConfig                      0x08003620   Section        0  stm32g4xx_hal_tim.o(i.TIM_OC6_SetConfig)
    TIM_OC6_SetConfig                        0x08003621   Thumb Code    88  stm32g4xx_hal_tim.o(i.TIM_OC6_SetConfig)
    i.UARTEx_SetNbDataToProcess              0x08003690   Section        0  stm32g4xx_hal_uart_ex.o(i.UARTEx_SetNbDataToProcess)
    UARTEx_SetNbDataToProcess                0x08003691   Thumb Code    82  stm32g4xx_hal_uart_ex.o(i.UARTEx_SetNbDataToProcess)
    i.UART_AdvFeatureConfig                  0x080036f4   Section        0  stm32g4xx_hal_uart.o(i.UART_AdvFeatureConfig)
    i.UART_CheckIdleState                    0x080037bc   Section        0  stm32g4xx_hal_uart.o(i.UART_CheckIdleState)
    i.UART_DMAAbortOnError                   0x0800381a   Section        0  stm32g4xx_hal_uart.o(i.UART_DMAAbortOnError)
    UART_DMAAbortOnError                     0x0800381b   Thumb Code    20  stm32g4xx_hal_uart.o(i.UART_DMAAbortOnError)
    i.UART_EndRxTransfer                     0x08003830   Section        0  stm32g4xx_hal_uart.o(i.UART_EndRxTransfer)
    UART_EndRxTransfer                       0x08003831   Thumb Code    32  stm32g4xx_hal_uart.o(i.UART_EndRxTransfer)
    i.UART_RxISR_16BIT                       0x08003854   Section        0  stm32g4xx_hal_uart.o(i.UART_RxISR_16BIT)
    UART_RxISR_16BIT                         0x08003855   Thumb Code    94  stm32g4xx_hal_uart.o(i.UART_RxISR_16BIT)
    i.UART_RxISR_16BIT_FIFOEN                0x080038b4   Section        0  stm32g4xx_hal_uart.o(i.UART_RxISR_16BIT_FIFOEN)
    UART_RxISR_16BIT_FIFOEN                  0x080038b5   Thumb Code   152  stm32g4xx_hal_uart.o(i.UART_RxISR_16BIT_FIFOEN)
    i.UART_RxISR_8BIT                        0x08003954   Section        0  stm32g4xx_hal_uart.o(i.UART_RxISR_8BIT)
    UART_RxISR_8BIT                          0x08003955   Thumb Code    94  stm32g4xx_hal_uart.o(i.UART_RxISR_8BIT)
    i.UART_RxISR_8BIT_FIFOEN                 0x080039b4   Section        0  stm32g4xx_hal_uart.o(i.UART_RxISR_8BIT_FIFOEN)
    UART_RxISR_8BIT_FIFOEN                   0x080039b5   Thumb Code   152  stm32g4xx_hal_uart.o(i.UART_RxISR_8BIT_FIFOEN)
    i.UART_SetConfig                         0x08003a54   Section        0  stm32g4xx_hal_uart.o(i.UART_SetConfig)
    i.UART_WaitOnFlagUntilTimeout            0x080041fa   Section        0  stm32g4xx_hal_uart.o(i.UART_WaitOnFlagUntilTimeout)
    i.USART1_IRQHandler                      0x08004260   Section        0  uart.o(i.USART1_IRQHandler)
    i.UsageFault_Handler                     0x0800426c   Section        0  stm32g4xx_it.o(i.UsageFault_Handler)
    i.__NVIC_SetPriority                     0x0800426e   Section        0  stm32g4xx_hal_cortex.o(i.__NVIC_SetPriority)
    __NVIC_SetPriority                       0x0800426f   Thumb Code    32  stm32g4xx_hal_cortex.o(i.__NVIC_SetPriority)
    i.__scatterload_copy                     0x0800428e   Section       14  handlers.o(i.__scatterload_copy)
    i.__scatterload_null                     0x0800429c   Section        2  handlers.o(i.__scatterload_null)
    i.__scatterload_zeroinit                 0x0800429e   Section       14  handlers.o(i.__scatterload_zeroinit)
    i.getADC2                                0x080042ac   Section        0  adc.o(i.getADC2)
    i.key_init                               0x080042c4   Section        0  key.o(i.key_init)
    i.key_scan                               0x08004324   Section        0  menu.o(i.key_scan)
    i.led_off                                0x080043d0   Section        0  led.o(i.led_off)
    i.led_on                                 0x08004410   Section        0  led.o(i.led_on)
    i.main                                   0x08004450   Section        0  main.o(i.main)
    i.menu_First                             0x08004458   Section        0  menu.o(i.menu_First)
    i.menu_init                              0x0800454c   Section        0  menu.o(i.menu_init)
    i.show_Voltage                           0x08004560   Section        0  menu.o(i.show_Voltage)
    i.show_data                              0x080045b4   Section        0  menu.o(i.show_data)
    i.show_data_s                            0x08004610   Section        0  menu.o(i.show_data_s)
    i.show_para                              0x08004640   Section        0  menu.o(i.show_para)
    i.show_para_s                            0x080046a8   Section        0  menu.o(i.show_para_s)
    .constdata                               0x08004744   Section     4584  lcd.o(.constdata)
    .constdata                               0x0800592c   Section       16  system_stm32g4xx.o(.constdata)
    .constdata                               0x0800593c   Section        8  system_stm32g4xx.o(.constdata)
    .data                                    0x20000000   Section        6  lcd.o(.data)
    TextColor                                0x20000000   Data           2  lcd.o(.data)
    BackColor                                0x20000002   Data           2  lcd.o(.data)
    .data                                    0x20000008   Section        8  menu.o(.data)
    .data                                    0x20000010   Section        2  led.o(.data)
    .data                                    0x20000014   Section       12  stm32g4xx_hal.o(.data)
    .data                                    0x20000020   Section        4  system_stm32g4xx.o(.data)
    .bss                                     0x20000024   Section      296  uart.o(.bss)
    .bss                                     0x2000014c   Section      208  pwm.o(.bss)
    .bss                                     0x2000021c   Section      216  adc.o(.bss)
    STACK                                    0x200002f8   Section     1024  startup_stm32g431xx.o(STACK)

    Global Symbols

    Symbol Name                              Value     Ov Type        Size  Object(Section)

    BuildAttributes$$THM_ISAv4$E$P$D$K$B$S$7EM$VFPi3$EXTD16$VFPS$VFMA$PE$A:L22UL41UL21$X:L11$S22US41US21$IEEE1$IW$USESV6$~STKCKD$USESV7$~SHL$OTIME$ROPI$EBA8$MICROLIB$REQ8$PRES8$EABIv2 0x00000000   Number         0  anon$$obj.o ABSOLUTE
    __ARM_use_no_argv                        0x00000000   Number         0  main.o ABSOLUTE
    _printf_a                                0x00000000   Number         0  stubs.o ABSOLUTE
    _printf_c                                0x00000000   Number         0  stubs.o ABSOLUTE
    _printf_charcount                        0x00000000   Number         0  stubs.o ABSOLUTE
    _printf_d                                0x00000000   Number         0  stubs.o ABSOLUTE
    _printf_e                                0x00000000   Number         0  stubs.o ABSOLUTE
    _printf_f                                0x00000000   Number         0  stubs.o ABSOLUTE
    _printf_flags                            0x00000000   Number         0  stubs.o ABSOLUTE
    _printf_fp_dec                           0x00000000   Number         0  stubs.o ABSOLUTE
    _printf_fp_hex                           0x00000000   Number         0  stubs.o ABSOLUTE
    _printf_g                                0x00000000   Number         0  stubs.o ABSOLUTE
    _printf_i                                0x00000000   Number         0  stubs.o ABSOLUTE
    _printf_int_dec                          0x00000000   Number         0  stubs.o ABSOLUTE
    _printf_l                                0x00000000   Number         0  stubs.o ABSOLUTE
    _printf_lc                               0x00000000   Number         0  stubs.o ABSOLUTE
    _printf_ll                               0x00000000   Number         0  stubs.o ABSOLUTE
    _printf_lld                              0x00000000   Number         0  stubs.o ABSOLUTE
    _printf_lli                              0x00000000   Number         0  stubs.o ABSOLUTE
    _printf_llo                              0x00000000   Number         0  stubs.o ABSOLUTE
    _printf_llu                              0x00000000   Number         0  stubs.o ABSOLUTE
    _printf_llx                              0x00000000   Number         0  stubs.o ABSOLUTE
    _printf_longlong_dec                     0x00000000   Number         0  stubs.o ABSOLUTE
    _printf_longlong_hex                     0x00000000   Number         0  stubs.o ABSOLUTE
    _printf_longlong_oct                     0x00000000   Number         0  stubs.o ABSOLUTE
    _printf_ls                               0x00000000   Number         0  stubs.o ABSOLUTE
    _printf_mbtowc                           0x00000000   Number         0  stubs.o ABSOLUTE
    _printf_n                                0x00000000   Number         0  stubs.o ABSOLUTE
    _printf_o                                0x00000000   Number         0  stubs.o ABSOLUTE
    _printf_p                                0x00000000   Number         0  stubs.o ABSOLUTE
    _printf_percent                          0x00000000   Number         0  stubs.o ABSOLUTE
    _printf_pre_padding                      0x00000000   Number         0  stubs.o ABSOLUTE
    _printf_return_value                     0x00000000   Number         0  stubs.o ABSOLUTE
    _printf_s                                0x00000000   Number         0  stubs.o ABSOLUTE
    _printf_sizespec                         0x00000000   Number         0  stubs.o ABSOLUTE
    _printf_str                              0x00000000   Number         0  stubs.o ABSOLUTE
    _printf_truncate_signed                  0x00000000   Number         0  stubs.o ABSOLUTE
    _printf_truncate_unsigned                0x00000000   Number         0  stubs.o ABSOLUTE
    _printf_u                                0x00000000   Number         0  stubs.o ABSOLUTE
    _printf_wc                               0x00000000   Number         0  stubs.o ABSOLUTE
    _printf_wctomb                           0x00000000   Number         0  stubs.o ABSOLUTE
    _printf_widthprec                        0x00000000   Number         0  stubs.o ABSOLUTE
    _printf_x                                0x00000000   Number         0  stubs.o ABSOLUTE
    __cpp_initialize__aeabi_                  - Undefined Weak Reference
    __cxa_finalize                            - Undefined Weak Reference
    __decompress                              - Undefined Weak Reference
    _clock_init                               - Undefined Weak Reference
    _microlib_exit                            - Undefined Weak Reference
    __Vectors_Size                           0x000001d8   Number         0  startup_stm32g431xx.o ABSOLUTE
    __Vectors                                0x08000000   Data           4  startup_stm32g431xx.o(RESET)
    __Vectors_End                            0x080001d8   Data           0  startup_stm32g431xx.o(RESET)
    __main                                   0x080001d9   Thumb Code     0  entry.o(.ARM.Collect$$$$00000000)
    _main_stk                                0x080001d9   Thumb Code     0  entry2.o(.ARM.Collect$$$$00000001)
    _main_scatterload                        0x080001dd   Thumb Code     0  entry5.o(.ARM.Collect$$$$00000004)
    __main_after_scatterload                 0x080001e1   Thumb Code     0  entry5.o(.ARM.Collect$$$$00000004)
    _main_clock                              0x080001e1   Thumb Code     0  entry7b.o(.ARM.Collect$$$$00000008)
    _main_cpp_init                           0x080001e1   Thumb Code     0  entry8b.o(.ARM.Collect$$$$0000000A)
    _main_init                               0x080001e1   Thumb Code     0  entry9a.o(.ARM.Collect$$$$0000000B)
    __rt_final_cpp                           0x080001e9   Thumb Code     0  entry10a.o(.ARM.Collect$$$$0000000D)
    __rt_final_exit                          0x080001e9   Thumb Code     0  entry11a.o(.ARM.Collect$$$$0000000F)
    Reset_Handler                            0x080001ed   Thumb Code     8  startup_stm32g431xx.o(.text)
    ADC1_2_IRQHandler                        0x08000207   Thumb Code     0  startup_stm32g431xx.o(.text)
    COMP1_2_3_IRQHandler                     0x08000207   Thumb Code     0  startup_stm32g431xx.o(.text)
    COMP4_IRQHandler                         0x08000207   Thumb Code     0  startup_stm32g431xx.o(.text)
    CORDIC_IRQHandler                        0x08000207   Thumb Code     0  startup_stm32g431xx.o(.text)
    CRS_IRQHandler                           0x08000207   Thumb Code     0  startup_stm32g431xx.o(.text)
    DMA1_Channel1_IRQHandler                 0x08000207   Thumb Code     0  startup_stm32g431xx.o(.text)
    DMA1_Channel2_IRQHandler                 0x08000207   Thumb Code     0  startup_stm32g431xx.o(.text)
    DMA1_Channel3_IRQHandler                 0x08000207   Thumb Code     0  startup_stm32g431xx.o(.text)
    DMA1_Channel4_IRQHandler                 0x08000207   Thumb Code     0  startup_stm32g431xx.o(.text)
    DMA1_Channel5_IRQHandler                 0x08000207   Thumb Code     0  startup_stm32g431xx.o(.text)
    DMA1_Channel6_IRQHandler                 0x08000207   Thumb Code     0  startup_stm32g431xx.o(.text)
    DMA2_Channel1_IRQHandler                 0x08000207   Thumb Code     0  startup_stm32g431xx.o(.text)
    DMA2_Channel2_IRQHandler                 0x08000207   Thumb Code     0  startup_stm32g431xx.o(.text)
    DMA2_Channel3_IRQHandler                 0x08000207   Thumb Code     0  startup_stm32g431xx.o(.text)
    DMA2_Channel4_IRQHandler                 0x08000207   Thumb Code     0  startup_stm32g431xx.o(.text)
    DMA2_Channel5_IRQHandler                 0x08000207   Thumb Code     0  startup_stm32g431xx.o(.text)
    DMA2_Channel6_IRQHandler                 0x08000207   Thumb Code     0  startup_stm32g431xx.o(.text)
    DMAMUX_OVR_IRQHandler                    0x08000207   Thumb Code     0  startup_stm32g431xx.o(.text)
    EXTI0_IRQHandler                         0x08000207   Thumb Code     0  startup_stm32g431xx.o(.text)
    EXTI15_10_IRQHandler                     0x08000207   Thumb Code     0  startup_stm32g431xx.o(.text)
    EXTI1_IRQHandler                         0x08000207   Thumb Code     0  startup_stm32g431xx.o(.text)
    EXTI2_IRQHandler                         0x08000207   Thumb Code     0  startup_stm32g431xx.o(.text)
    EXTI3_IRQHandler                         0x08000207   Thumb Code     0  startup_stm32g431xx.o(.text)
    EXTI4_IRQHandler                         0x08000207   Thumb Code     0  startup_stm32g431xx.o(.text)
    EXTI9_5_IRQHandler                       0x08000207   Thumb Code     0  startup_stm32g431xx.o(.text)
    FDCAN1_IT0_IRQHandler                    0x08000207   Thumb Code     0  startup_stm32g431xx.o(.text)
    FDCAN1_IT1_IRQHandler                    0x08000207   Thumb Code     0  startup_stm32g431xx.o(.text)
    FLASH_IRQHandler                         0x08000207   Thumb Code     0  startup_stm32g431xx.o(.text)
    FMAC_IRQHandler                          0x08000207   Thumb Code     0  startup_stm32g431xx.o(.text)
    FPU_IRQHandler                           0x08000207   Thumb Code     0  startup_stm32g431xx.o(.text)
    I2C1_ER_IRQHandler                       0x08000207   Thumb Code     0  startup_stm32g431xx.o(.text)
    I2C1_EV_IRQHandler                       0x08000207   Thumb Code     0  startup_stm32g431xx.o(.text)
    I2C2_ER_IRQHandler                       0x08000207   Thumb Code     0  startup_stm32g431xx.o(.text)
    I2C2_EV_IRQHandler                       0x08000207   Thumb Code     0  startup_stm32g431xx.o(.text)
    I2C3_ER_IRQHandler                       0x08000207   Thumb Code     0  startup_stm32g431xx.o(.text)
    I2C3_EV_IRQHandler                       0x08000207   Thumb Code     0  startup_stm32g431xx.o(.text)
    LPTIM1_IRQHandler                        0x08000207   Thumb Code     0  startup_stm32g431xx.o(.text)
    LPUART1_IRQHandler                       0x08000207   Thumb Code     0  startup_stm32g431xx.o(.text)
    PVD_PVM_IRQHandler                       0x08000207   Thumb Code     0  startup_stm32g431xx.o(.text)
    RCC_IRQHandler                           0x08000207   Thumb Code     0  startup_stm32g431xx.o(.text)
    RNG_IRQHandler                           0x08000207   Thumb Code     0  startup_stm32g431xx.o(.text)
    RTC_Alarm_IRQHandler                     0x08000207   Thumb Code     0  startup_stm32g431xx.o(.text)
    RTC_TAMP_LSECSS_IRQHandler               0x08000207   Thumb Code     0  startup_stm32g431xx.o(.text)
    RTC_WKUP_IRQHandler                      0x08000207   Thumb Code     0  startup_stm32g431xx.o(.text)
    SAI1_IRQHandler                          0x08000207   Thumb Code     0  startup_stm32g431xx.o(.text)
    SPI1_IRQHandler                          0x08000207   Thumb Code     0  startup_stm32g431xx.o(.text)
    SPI2_IRQHandler                          0x08000207   Thumb Code     0  startup_stm32g431xx.o(.text)
    SPI3_IRQHandler                          0x08000207   Thumb Code     0  startup_stm32g431xx.o(.text)
    TIM1_BRK_TIM15_IRQHandler                0x08000207   Thumb Code     0  startup_stm32g431xx.o(.text)
    TIM1_CC_IRQHandler                       0x08000207   Thumb Code     0  startup_stm32g431xx.o(.text)
    TIM1_TRG_COM_TIM17_IRQHandler            0x08000207   Thumb Code     0  startup_stm32g431xx.o(.text)
    TIM1_UP_TIM16_IRQHandler                 0x08000207   Thumb Code     0  startup_stm32g431xx.o(.text)
    TIM2_IRQHandler                          0x08000207   Thumb Code     0  startup_stm32g431xx.o(.text)
    TIM3_IRQHandler                          0x08000207   Thumb Code     0  startup_stm32g431xx.o(.text)
    TIM4_IRQHandler                          0x08000207   Thumb Code     0  startup_stm32g431xx.o(.text)
    TIM6_DAC_IRQHandler                      0x08000207   Thumb Code     0  startup_stm32g431xx.o(.text)
    TIM7_DAC_IRQHandler                      0x08000207   Thumb Code     0  startup_stm32g431xx.o(.text)
    TIM8_BRK_IRQHandler                      0x08000207   Thumb Code     0  startup_stm32g431xx.o(.text)
    TIM8_CC_IRQHandler                       0x08000207   Thumb Code     0  startup_stm32g431xx.o(.text)
    TIM8_TRG_COM_IRQHandler                  0x08000207   Thumb Code     0  startup_stm32g431xx.o(.text)
    TIM8_UP_IRQHandler                       0x08000207   Thumb Code     0  startup_stm32g431xx.o(.text)
    UART4_IRQHandler                         0x08000207   Thumb Code     0  startup_stm32g431xx.o(.text)
    UCPD1_IRQHandler                         0x08000207   Thumb Code     0  startup_stm32g431xx.o(.text)
    USART2_IRQHandler                        0x08000207   Thumb Code     0  startup_stm32g431xx.o(.text)
    USART3_IRQHandler                        0x08000207   Thumb Code     0  startup_stm32g431xx.o(.text)
    USBWakeUp_IRQHandler                     0x08000207   Thumb Code     0  startup_stm32g431xx.o(.text)
    USB_HP_IRQHandler                        0x08000207   Thumb Code     0  startup_stm32g431xx.o(.text)
    USB_LP_IRQHandler                        0x08000207   Thumb Code     0  startup_stm32g431xx.o(.text)
    WWDG_IRQHandler                          0x08000207   Thumb Code     0  startup_stm32g431xx.o(.text)
    __aeabi_uldivmod                         0x08000211   Thumb Code    98  uldiv.o(.text)
    __aeabi_memcpy                           0x08000273   Thumb Code    36  memcpya.o(.text)
    __aeabi_memcpy4                          0x08000273   Thumb Code     0  memcpya.o(.text)
    __aeabi_memcpy8                          0x08000273   Thumb Code     0  memcpya.o(.text)
    __aeabi_memset                           0x08000297   Thumb Code    14  memseta.o(.text)
    __aeabi_memset4                          0x08000297   Thumb Code     0  memseta.o(.text)
    __aeabi_memset8                          0x08000297   Thumb Code     0  memseta.o(.text)
    __aeabi_memclr                           0x080002a5   Thumb Code     4  memseta.o(.text)
    __aeabi_memclr4                          0x080002a5   Thumb Code     0  memseta.o(.text)
    __aeabi_memclr8                          0x080002a5   Thumb Code     0  memseta.o(.text)
    _memset$wrapper                          0x080002a9   Thumb Code    18  memseta.o(.text)
    __aeabi_dadd                             0x080002bb   Thumb Code   322  dadd.o(.text)
    __aeabi_dsub                             0x080003fd   Thumb Code     6  dadd.o(.text)
    __aeabi_drsub                            0x08000403   Thumb Code     6  dadd.o(.text)
    __aeabi_dmul                             0x08000409   Thumb Code   228  dmul.o(.text)
    __aeabi_ddiv                             0x080004ed   Thumb Code   222  ddiv.o(.text)
    __aeabi_ui2d                             0x080005cb   Thumb Code    26  dfltui.o(.text)
    __aeabi_d2iz                             0x080005e5   Thumb Code    62  dfixi.o(.text)
    __aeabi_f2d                              0x08000623   Thumb Code    38  f2d.o(.text)
    __aeabi_d2f                              0x08000649   Thumb Code    56  d2f.o(.text)
    __aeabi_llsl                             0x08000681   Thumb Code    30  llshl.o(.text)
    _ll_shift_l                              0x08000681   Thumb Code     0  llshl.o(.text)
    __aeabi_llsr                             0x0800069f   Thumb Code    32  llushr.o(.text)
    _ll_ushift_r                             0x0800069f   Thumb Code     0  llushr.o(.text)
    __aeabi_lasr                             0x080006bf   Thumb Code    36  llsshr.o(.text)
    _ll_sshift_r                             0x080006bf   Thumb Code     0  llsshr.o(.text)
    __I$use$fp                               0x080006e3   Thumb Code     0  iusefp.o(.text)
    _float_round                             0x080006e3   Thumb Code    18  fepilogue.o(.text)
    _float_epilogue                          0x080006f5   Thumb Code    92  fepilogue.o(.text)
    _double_round                            0x08000751   Thumb Code    30  depilogue.o(.text)
    _double_epilogue                         0x0800076f   Thumb Code   156  depilogue.o(.text)
    __scatterload                            0x0800080d   Thumb Code    28  init.o(.text)
    __scatterload_rt2                        0x0800080d   Thumb Code     0  init.o(.text)
    ADC_Enable                               0x08000831   Thumb Code   100  stm32g4xx_hal_adc.o(i.ADC_Enable)
    ALL_init                                 0x08000899   Thumb Code    46  main.o(i.ALL_init)
    BusFault_Handler                         0x080008c7   Thumb Code     2  stm32g4xx_it.o(i.BusFault_Handler)
    DebugMon_Handler                         0x080008c9   Thumb Code     2  stm32g4xx_it.o(i.DebugMon_Handler)
    Delay_LCD                                0x080008cb   Thumb Code    28  lcd.o(i.Delay_LCD)
    HAL_ADC_ConfigChannel                    0x080008e9   Thumb Code  1004  stm32g4xx_hal_adc.o(i.HAL_ADC_ConfigChannel)
    HAL_ADC_GetValue                         0x08000d09   Thumb Code     6  stm32g4xx_hal_adc.o(i.HAL_ADC_GetValue)
    HAL_ADC_Init                             0x08000d11   Thumb Code   472  stm32g4xx_hal_adc.o(i.HAL_ADC_Init)
    HAL_ADC_MspInit                          0x08000f09   Thumb Code     2  stm32g4xx_hal_adc.o(i.HAL_ADC_MspInit)
    HAL_ADC_Start                            0x08000f0d   Thumb Code   230  stm32g4xx_hal_adc.o(i.HAL_ADC_Start)
    HAL_DMA_Abort_IT                         0x08001001   Thumb Code   120  stm32g4xx_hal_dma.o(i.HAL_DMA_Abort_IT)
    HAL_Delay                                0x08001079   Thumb Code    32  stm32g4xx_hal.o(i.HAL_Delay)
    HAL_GPIO_Init                            0x0800109d   Thumb Code   422  stm32g4xx_hal_gpio.o(i.HAL_GPIO_Init)
    HAL_GPIO_ReadPin                         0x08001265   Thumb Code    10  stm32g4xx_hal_gpio.o(i.HAL_GPIO_ReadPin)
    HAL_GPIO_WritePin                        0x0800126f   Thumb Code    10  stm32g4xx_hal_gpio.o(i.HAL_GPIO_WritePin)
    HAL_GetTick                              0x08001279   Thumb Code     6  stm32g4xx_hal.o(i.HAL_GetTick)
    HAL_IncTick                              0x08001285   Thumb Code    12  stm32g4xx_hal.o(i.HAL_IncTick)
    HAL_Init                                 0x08001295   Thumb Code    30  stm32g4xx_hal.o(i.HAL_Init)
    HAL_InitTick                             0x080012b5   Thumb Code    58  stm32g4xx_hal.o(i.HAL_InitTick)
    HAL_MspInit                              0x080012f9   Thumb Code    48  stm32g4xx_hal_msp.o(i.HAL_MspInit)
    HAL_MultiProcessor_Init                  0x08001331   Thumb Code   138  stm32g4xx_hal_uart.o(i.HAL_MultiProcessor_Init)
    HAL_NVIC_EnableIRQ                       0x080013bb   Thumb Code    26  stm32g4xx_hal_cortex.o(i.HAL_NVIC_EnableIRQ)
    HAL_NVIC_SetPriority                     0x080013d5   Thumb Code    60  stm32g4xx_hal_cortex.o(i.HAL_NVIC_SetPriority)
    HAL_NVIC_SetPriorityGrouping             0x08001415   Thumb Code    26  stm32g4xx_hal_cortex.o(i.HAL_NVIC_SetPriorityGrouping)
    HAL_PWREx_ControlVoltageScaling          0x08001439   Thumb Code   174  stm32g4xx_hal_pwr_ex.o(i.HAL_PWREx_ControlVoltageScaling)
    HAL_RCCEx_PeriphCLKConfig                0x080014f5   Thumb Code   638  stm32g4xx_hal_rcc_ex.o(i.HAL_RCCEx_PeriphCLKConfig)
    HAL_RCC_ClockConfig                      0x0800177d   Thumb Code   444  stm32g4xx_hal_rcc.o(i.HAL_RCC_ClockConfig)
    HAL_RCC_GetPCLK1Freq                     0x08001959   Thumb Code    24  stm32g4xx_hal_rcc.o(i.HAL_RCC_GetPCLK1Freq)
    HAL_RCC_GetPCLK2Freq                     0x0800197d   Thumb Code    24  stm32g4xx_hal_rcc.o(i.HAL_RCC_GetPCLK2Freq)
    HAL_RCC_GetSysClockFreq                  0x080019a1   Thumb Code    98  stm32g4xx_hal_rcc.o(i.HAL_RCC_GetSysClockFreq)
    HAL_RCC_OscConfig                        0x08001a11   Thumb Code  1036  stm32g4xx_hal_rcc.o(i.HAL_RCC_OscConfig)
    HAL_SYSTICK_Config                       0x08001e1d   Thumb Code    40  stm32g4xx_hal_cortex.o(i.HAL_SYSTICK_Config)
    HAL_TIM_Base_Init                        0x08001e45   Thumb Code    98  stm32g4xx_hal_tim.o(i.HAL_TIM_Base_Init)
    HAL_TIM_Base_MspInit                     0x08001ea7   Thumb Code     2  stm32g4xx_hal_tim.o(i.HAL_TIM_Base_MspInit)
    HAL_TIM_PWM_ConfigChannel                0x08001ea9   Thumb Code   286  stm32g4xx_hal_tim.o(i.HAL_TIM_PWM_ConfigChannel)
    HAL_TIM_PWM_Start                        0x08001fc9   Thumb Code   188  stm32g4xx_hal_tim.o(i.HAL_TIM_PWM_Start)
    HAL_TIM_PWM_Stop                         0x0800209d   Thumb Code   152  stm32g4xx_hal_tim.o(i.HAL_TIM_PWM_Stop)
    HAL_UARTEx_DisableFifoMode               0x08002149   Thumb Code    62  stm32g4xx_hal_uart_ex.o(i.HAL_UARTEx_DisableFifoMode)
    HAL_UARTEx_RxFifoFullCallback            0x08002187   Thumb Code     2  stm32g4xx_hal_uart_ex.o(i.HAL_UARTEx_RxFifoFullCallback)
    HAL_UARTEx_SetRxFifoThreshold            0x08002189   Thumb Code    76  stm32g4xx_hal_uart_ex.o(i.HAL_UARTEx_SetRxFifoThreshold)
    HAL_UARTEx_SetTxFifoThreshold            0x080021d5   Thumb Code    76  stm32g4xx_hal_uart_ex.o(i.HAL_UARTEx_SetTxFifoThreshold)
    HAL_UARTEx_TxFifoEmptyCallback           0x08002221   Thumb Code     2  stm32g4xx_hal_uart_ex.o(i.HAL_UARTEx_TxFifoEmptyCallback)
    HAL_UARTEx_WakeupCallback                0x08002223   Thumb Code     2  stm32g4xx_hal_uart_ex.o(i.HAL_UARTEx_WakeupCallback)
    HAL_UART_ErrorCallback                   0x08002225   Thumb Code     2  stm32g4xx_hal_uart.o(i.HAL_UART_ErrorCallback)
    HAL_UART_IRQHandler                      0x08002229   Thumb Code   404  stm32g4xx_hal_uart.o(i.HAL_UART_IRQHandler)
    HAL_UART_MspInit                         0x080023c5   Thumb Code     2  stm32g4xx_hal_uart.o(i.HAL_UART_MspInit)
    HAL_UART_Receive_IT                      0x080023c9   Thumb Code   234  stm32g4xx_hal_uart.o(i.HAL_UART_Receive_IT)
    HAL_UART_RxCpltCallback                  0x080024c5   Thumb Code    12  uart.o(i.HAL_UART_RxCpltCallback)
    HAL_UART_TxCpltCallback                  0x080024d5   Thumb Code     2  stm32g4xx_hal_uart.o(i.HAL_UART_TxCpltCallback)
    HardFault_Handler                        0x080024d7   Thumb Code     2  stm32g4xx_it.o(i.HardFault_Handler)
    LCD_BusIn                                0x080024d9   Thumb Code    40  lcd.o(i.LCD_BusIn)
    LCD_BusOut                               0x08002505   Thumb Code    42  lcd.o(i.LCD_BusOut)
    LCD_Clear                                0x08002535   Thumb Code    36  lcd.o(i.LCD_Clear)
    LCD_CtrlLinesConfig                      0x08002559   Thumb Code   136  lcd.o(i.LCD_CtrlLinesConfig)
    LCD_DispDecAt                            0x080025e9   Thumb Code   114  lcd.o(i.LCD_DispDecAt)
    LCD_DispFolatAt                          0x0800265d   Thumb Code   274  lcd.o(i.LCD_DispFolatAt)
    LCD_DisplayChar                          0x08002785   Thumb Code    18  lcd.o(i.LCD_DisplayChar)
    LCD_DisplayStringLine                    0x0800279d   Thumb Code    44  lcd.o(i.LCD_DisplayStringLine)
    LCD_DrawChar                             0x080027c9   Thumb Code    88  lcd.o(i.LCD_DrawChar)
    LCD_Init                                 0x08002825   Thumb Code    46  lcd.o(i.LCD_Init)
    LCD_ReadReg                              0x08002859   Thumb Code   120  lcd.o(i.LCD_ReadReg)
    LCD_SetBackColor                         0x080028d9   Thumb Code    12  lcd.o(i.LCD_SetBackColor)
    LCD_SetCursor                            0x080028e9   Thumb Code    24  lcd.o(i.LCD_SetCursor)
    LCD_SetTextColor                         0x08002901   Thumb Code    12  lcd.o(i.LCD_SetTextColor)
    LCD_WriteRAM                             0x08002911   Thumb Code    80  lcd.o(i.LCD_WriteRAM)
    LCD_WriteRAM_Prepare                     0x08002969   Thumb Code    82  lcd.o(i.LCD_WriteRAM_Prepare)
    LCD_WriteReg                             0x080029c5   Thumb Code   100  lcd.o(i.LCD_WriteReg)
    LED1                                     0x08002a31   Thumb Code    22  led.o(i.LED1)
    LED_Close                                0x08002a4d   Thumb Code    40  led.o(i.LED_Close)
    LED_init                                 0x08002a7d   Thumb Code   136  led.o(i.LED_init)
    MX_ADC1_Init                             0x08002b5d   Thumb Code   168  adc.o(i.MX_ADC1_Init)
    MX_ADC2_Init                             0x08002c15   Thumb Code   164  adc.o(i.MX_ADC2_Init)
    MX_TIM2_PWM2_Init                        0x08002ccd   Thumb Code   256  pwm.o(i.MX_TIM2_PWM2_Init)
    MX_UART1_Init                            0x08002ddd   Thumb Code   190  uart.o(i.MX_UART1_Init)
    MemManage_Handler                        0x08002ea9   Thumb Code     2  stm32g4xx_it.o(i.MemManage_Handler)
    NMI_Handler                              0x08002eab   Thumb Code     2  stm32g4xx_it.o(i.NMI_Handler)
    PendSV_Handler                           0x08002ead   Thumb Code     2  stm32g4xx_it.o(i.PendSV_Handler)
    REG_8230_Init                            0x08002eaf   Thumb Code   274  lcd.o(i.REG_8230_Init)
    REG_932X_Init                            0x08002fc1   Thumb Code   514  lcd.o(i.REG_932X_Init)
    SVC_Handler                              0x080031c3   Thumb Code     2  stm32g4xx_it.o(i.SVC_Handler)
    Set_TIM16_PWM1_Duty                      0x080031c5   Thumb Code    40  pwm.o(i.Set_TIM16_PWM1_Duty)
    Set_TIM17_PWM1_Duty                      0x080031f1   Thumb Code    40  pwm.o(i.Set_TIM17_PWM1_Duty)
    SysTick_Handler                          0x0800321d   Thumb Code     4  stm32g4xx_it.o(i.SysTick_Handler)
    SystemClock_Config                       0x08003221   Thumb Code    90  main.o(i.SystemClock_Config)
    SystemInit                               0x0800327d   Thumb Code    22  system_stm32g4xx.o(i.SystemInit)
    TIM_Base_SetConfig                       0x08003299   Thumb Code   146  stm32g4xx_hal_tim.o(i.TIM_Base_SetConfig)
    TIM_CCxChannelCmd                        0x08003349   Thumb Code    26  stm32g4xx_hal_tim.o(i.TIM_CCxChannelCmd)
    TIM_OC2_SetConfig                        0x08003401   Thumb Code   120  stm32g4xx_hal_tim.o(i.TIM_OC2_SetConfig)
    UART_AdvFeatureConfig                    0x080036f5   Thumb Code   200  stm32g4xx_hal_uart.o(i.UART_AdvFeatureConfig)
    UART_CheckIdleState                      0x080037bd   Thumb Code    94  stm32g4xx_hal_uart.o(i.UART_CheckIdleState)
    UART_SetConfig                           0x08003a55   Thumb Code  1958  stm32g4xx_hal_uart.o(i.UART_SetConfig)
    UART_WaitOnFlagUntilTimeout              0x080041fb   Thumb Code   100  stm32g4xx_hal_uart.o(i.UART_WaitOnFlagUntilTimeout)
    USART1_IRQHandler                        0x08004261   Thumb Code     6  uart.o(i.USART1_IRQHandler)
    UsageFault_Handler                       0x0800426d   Thumb Code     2  stm32g4xx_it.o(i.UsageFault_Handler)
    __scatterload_copy                       0x0800428f   Thumb Code    14  handlers.o(i.__scatterload_copy)
    __scatterload_null                       0x0800429d   Thumb Code     2  handlers.o(i.__scatterload_null)
    __scatterload_zeroinit                   0x0800429f   Thumb Code    14  handlers.o(i.__scatterload_zeroinit)
    getADC2                                  0x080042ad   Thumb Code    18  adc.o(i.getADC2)
    key_init                                 0x080042c5   Thumb Code    86  key.o(i.key_init)
    key_scan                                 0x08004325   Thumb Code   166  menu.o(i.key_scan)
    led_off                                  0x080043d1   Thumb Code    52  led.o(i.led_off)
    led_on                                   0x08004411   Thumb Code    50  led.o(i.led_on)
    main                                     0x08004451   Thumb Code     6  main.o(i.main)
    menu_First                               0x08004459   Thumb Code   224  menu.o(i.menu_First)
    menu_init                                0x0800454d   Thumb Code    18  menu.o(i.menu_init)
    show_Voltage                             0x08004561   Thumb Code    62  menu.o(i.show_Voltage)
    show_data                                0x080045b5   Thumb Code    66  menu.o(i.show_data)
    show_data_s                              0x08004611   Thumb Code    26  menu.o(i.show_data_s)
    show_para                                0x08004641   Thumb Code    76  menu.o(i.show_para)
    show_para_s                              0x080046a9   Thumb Code   126  menu.o(i.show_para_s)
    ASCII_Table                              0x08004744   Data        4560  lcd.o(.constdata)
    AHBPrescTable                            0x0800592c   Data          16  system_stm32g4xx.o(.constdata)
    APBPrescTable                            0x0800593c   Data           8  system_stm32g4xx.o(.constdata)
    Region$$Table$$Base                      0x08005944   Number         0  anon$$obj.o(Region$$Table)
    Region$$Table$$Limit                     0x08005964   Number         0  anon$$obj.o(Region$$Table)
    dummy                                    0x20000004   Data           2  lcd.o(.data)
    Mode_flag                                0x20000008   Data           1  menu.o(.data)
    PA6_PULSE                                0x20000009   Data           1  menu.o(.data)
    PA7_PULSE                                0x2000000a   Data           1  menu.o(.data)
    Voltage                                  0x2000000c   Data           4  menu.o(.data)
    gpio                                     0x20000010   Data           2  led.o(.data)
    uwTickPrio                               0x20000014   Data           4  stm32g4xx_hal.o(.data)
    uwTickFreq                               0x20000018   Data           4  stm32g4xx_hal.o(.data)
    uwTick                                   0x2000001c   Data           4  stm32g4xx_hal.o(.data)
    SystemCoreClock                          0x20000020   Data           4  system_stm32g4xx.o(.data)
    huart1                                   0x20000024   Data         140  uart.o(.bss)
    uart_rx_buf                              0x200000b0   Data         128  uart.o(.bss)
    CarIn                                    0x20000130   Data          14  uart.o(.bss)
    CarOut                                   0x2000013e   Data          14  uart.o(.bss)
    htim17                                   0x2000014c   Data          76  pwm.o(.bss)
    htim16                                   0x20000198   Data          76  pwm.o(.bss)
    tim17_ch2_OC_Handle                      0x200001e4   Data          28  pwm.o(.bss)
    tim16_ch2_OC_Handle                      0x20000200   Data          28  pwm.o(.bss)
    hadc1                                    0x2000021c   Data         108  adc.o(.bss)
    hadc2                                    0x20000288   Data         108  adc.o(.bss)
    __initial_sp                             0x200006f8   Data           0  startup_stm32g431xx.o(STACK)



==============================================================================

Memory Map of the image

  Image Entry point : 0x080001d9

  Load Region LR_IROM1 (Base: 0x08000000, Size: 0x00005988, Max: 0x00020000, ABSOLUTE)

    Execution Region ER_IROM1 (Exec base: 0x08000000, Load base: 0x08000000, Size: 0x00005964, Max: 0x00020000, ABSOLUTE)

    Exec Addr    Load Addr    Size         Type   Attr      Idx    E Section Name        Object

    0x08000000   0x08000000   0x000001d8   Data   RO          285    RESET               startup_stm32g431xx.o
    0x080001d8   0x080001d8   0x00000000   Code   RO         4448  * .ARM.Collect$$$$00000000  mc_w.l(entry.o)
    0x080001d8   0x080001d8   0x00000004   Code   RO         4734    .ARM.Collect$$$$00000001  mc_w.l(entry2.o)
    0x080001dc   0x080001dc   0x00000004   Code   RO         4737    .ARM.Collect$$$$00000004  mc_w.l(entry5.o)
    0x080001e0   0x080001e0   0x00000000   Code   RO         4739    .ARM.Collect$$$$00000008  mc_w.l(entry7b.o)
    0x080001e0   0x080001e0   0x00000000   Code   RO         4741    .ARM.Collect$$$$0000000A  mc_w.l(entry8b.o)
    0x080001e0   0x080001e0   0x00000008   Code   RO         4742    .ARM.Collect$$$$0000000B  mc_w.l(entry9a.o)
    0x080001e8   0x080001e8   0x00000000   Code   RO         4744    .ARM.Collect$$$$0000000D  mc_w.l(entry10a.o)
    0x080001e8   0x080001e8   0x00000000   Code   RO         4746    .ARM.Collect$$$$0000000F  mc_w.l(entry11a.o)
    0x080001e8   0x080001e8   0x00000004   Code   RO         4735    .ARM.Collect$$$$00002712  mc_w.l(entry2.o)
    0x080001ec   0x080001ec   0x00000024   Code   RO          286    .text               startup_stm32g431xx.o
    0x08000210   0x08000210   0x00000062   Code   RO         4451    .text               mc_w.l(uldiv.o)
    0x08000272   0x08000272   0x00000024   Code   RO         4453    .text               mc_w.l(memcpya.o)
    0x08000296   0x08000296   0x00000024   Code   RO         4455    .text               mc_w.l(memseta.o)
    0x080002ba   0x080002ba   0x0000014e   Code   RO         4720    .text               mf_w.l(dadd.o)
    0x08000408   0x08000408   0x000000e4   Code   RO         4722    .text               mf_w.l(dmul.o)
    0x080004ec   0x080004ec   0x000000de   Code   RO         4724    .text               mf_w.l(ddiv.o)
    0x080005ca   0x080005ca   0x0000001a   Code   RO         4726    .text               mf_w.l(dfltui.o)
    0x080005e4   0x080005e4   0x0000003e   Code   RO         4728    .text               mf_w.l(dfixi.o)
    0x08000622   0x08000622   0x00000026   Code   RO         4730    .text               mf_w.l(f2d.o)
    0x08000648   0x08000648   0x00000038   Code   RO         4732    .text               mf_w.l(d2f.o)
    0x08000680   0x08000680   0x0000001e   Code   RO         4751    .text               mc_w.l(llshl.o)
    0x0800069e   0x0800069e   0x00000020   Code   RO         4753    .text               mc_w.l(llushr.o)
    0x080006be   0x080006be   0x00000024   Code   RO         4755    .text               mc_w.l(llsshr.o)
    0x080006e2   0x080006e2   0x00000000   Code   RO         4757    .text               mc_w.l(iusefp.o)
    0x080006e2   0x080006e2   0x0000006e   Code   RO         4758    .text               mf_w.l(fepilogue.o)
    0x08000750   0x08000750   0x000000ba   Code   RO         4760    .text               mf_w.l(depilogue.o)
    0x0800080a   0x0800080a   0x00000002   PAD
    0x0800080c   0x0800080c   0x00000024   Code   RO         4766    .text               mc_w.l(init.o)
    0x08000830   0x08000830   0x00000068   Code   RO         3974    i.ADC_Enable        stm32g4xx_hal_adc.o
    0x08000898   0x08000898   0x0000002e   Code   RO            4    i.ALL_init          main.o
    0x080008c6   0x080008c6   0x00000002   Code   RO          184    i.BusFault_Handler  stm32g4xx_it.o
    0x080008c8   0x080008c8   0x00000002   Code   RO          185    i.DebugMon_Handler  stm32g4xx_it.o
    0x080008ca   0x080008ca   0x0000001c   Code   RO          293    i.Delay_LCD         lcd.o
    0x080008e6   0x080008e6   0x00000002   PAD
    0x080008e8   0x080008e8   0x00000420   Code   RO         3976    i.HAL_ADC_ConfigChannel  stm32g4xx_hal_adc.o
    0x08000d08   0x08000d08   0x00000006   Code   RO         3983    i.HAL_ADC_GetValue  stm32g4xx_hal_adc.o
    0x08000d0e   0x08000d0e   0x00000002   PAD
    0x08000d10   0x08000d10   0x000001f8   Code   RO         3985    i.HAL_ADC_Init      stm32g4xx_hal_adc.o
    0x08000f08   0x08000f08   0x00000002   Code   RO         3988    i.HAL_ADC_MspInit   stm32g4xx_hal_adc.o
    0x08000f0a   0x08000f0a   0x00000002   PAD
    0x08000f0c   0x08000f0c   0x000000f4   Code   RO         3991    i.HAL_ADC_Start     stm32g4xx_hal_adc.o
    0x08001000   0x08001000   0x00000078   Code   RO         2860    i.HAL_DMA_Abort_IT  stm32g4xx_hal_dma.o
    0x08001078   0x08001078   0x00000024   Code   RO         2096    i.HAL_Delay         stm32g4xx_hal.o
    0x0800109c   0x0800109c   0x000001c8   Code   RO          878    i.HAL_GPIO_Init     stm32g4xx_hal_gpio.o
    0x08001264   0x08001264   0x0000000a   Code   RO          880    i.HAL_GPIO_ReadPin  stm32g4xx_hal_gpio.o
    0x0800126e   0x0800126e   0x0000000a   Code   RO          882    i.HAL_GPIO_WritePin  stm32g4xx_hal_gpio.o
    0x08001278   0x08001278   0x0000000c   Code   RO         2100    i.HAL_GetTick       stm32g4xx_hal.o
    0x08001284   0x08001284   0x00000010   Code   RO         2103    i.HAL_IncTick       stm32g4xx_hal.o
    0x08001294   0x08001294   0x0000001e   Code   RO         2104    i.HAL_Init          stm32g4xx_hal.o
    0x080012b2   0x080012b2   0x00000002   PAD
    0x080012b4   0x080012b4   0x00000044   Code   RO         2105    i.HAL_InitTick      stm32g4xx_hal.o
    0x080012f8   0x080012f8   0x00000038   Code   RO          259    i.HAL_MspInit       stm32g4xx_hal_msp.o
    0x08001330   0x08001330   0x0000008a   Code   RO         3506    i.HAL_MultiProcessor_Init  stm32g4xx_hal_uart.o
    0x080013ba   0x080013ba   0x0000001a   Code   RO         3368    i.HAL_NVIC_EnableIRQ  stm32g4xx_hal_cortex.o
    0x080013d4   0x080013d4   0x00000040   Code   RO         3374    i.HAL_NVIC_SetPriority  stm32g4xx_hal_cortex.o
    0x08001414   0x08001414   0x00000024   Code   RO         3375    i.HAL_NVIC_SetPriorityGrouping  stm32g4xx_hal_cortex.o
    0x08001438   0x08001438   0x000000bc   Code   RO         3124    i.HAL_PWREx_ControlVoltageScaling  stm32g4xx_hal_pwr_ex.o
    0x080014f4   0x080014f4   0x00000288   Code   RO         2449    i.HAL_RCCEx_PeriphCLKConfig  stm32g4xx_hal_rcc_ex.o
    0x0800177c   0x0800177c   0x000001dc   Code   RO         2324    i.HAL_RCC_ClockConfig  stm32g4xx_hal_rcc.o
    0x08001958   0x08001958   0x00000024   Code   RO         2332    i.HAL_RCC_GetPCLK1Freq  stm32g4xx_hal_rcc.o
    0x0800197c   0x0800197c   0x00000024   Code   RO         2333    i.HAL_RCC_GetPCLK2Freq  stm32g4xx_hal_rcc.o
    0x080019a0   0x080019a0   0x00000070   Code   RO         2334    i.HAL_RCC_GetSysClockFreq  stm32g4xx_hal_rcc.o
    0x08001a10   0x08001a10   0x0000040c   Code   RO         2337    i.HAL_RCC_OscConfig  stm32g4xx_hal_rcc.o
    0x08001e1c   0x08001e1c   0x00000028   Code   RO         3379    i.HAL_SYSTICK_Config  stm32g4xx_hal_cortex.o
    0x08001e44   0x08001e44   0x00000062   Code   RO          943    i.HAL_TIM_Base_Init  stm32g4xx_hal_tim.o
    0x08001ea6   0x08001ea6   0x00000002   Code   RO          945    i.HAL_TIM_Base_MspInit  stm32g4xx_hal_tim.o
    0x08001ea8   0x08001ea8   0x0000011e   Code   RO         1015    i.HAL_TIM_PWM_ConfigChannel  stm32g4xx_hal_tim.o
    0x08001fc6   0x08001fc6   0x00000002   PAD
    0x08001fc8   0x08001fc8   0x000000d4   Code   RO         1023    i.HAL_TIM_PWM_Start  stm32g4xx_hal_tim.o
    0x0800209c   0x0800209c   0x000000ac   Code   RO         1026    i.HAL_TIM_PWM_Stop  stm32g4xx_hal_tim.o
    0x08002148   0x08002148   0x0000003e   Code   RO         3876    i.HAL_UARTEx_DisableFifoMode  stm32g4xx_hal_uart_ex.o
    0x08002186   0x08002186   0x00000002   Code   RO         3880    i.HAL_UARTEx_RxFifoFullCallback  stm32g4xx_hal_uart_ex.o
    0x08002188   0x08002188   0x0000004c   Code   RO         3881    i.HAL_UARTEx_SetRxFifoThreshold  stm32g4xx_hal_uart_ex.o
    0x080021d4   0x080021d4   0x0000004c   Code   RO         3882    i.HAL_UARTEx_SetTxFifoThreshold  stm32g4xx_hal_uart_ex.o
    0x08002220   0x08002220   0x00000002   Code   RO         3884    i.HAL_UARTEx_TxFifoEmptyCallback  stm32g4xx_hal_uart_ex.o
    0x08002222   0x08002222   0x00000002   Code   RO         3885    i.HAL_UARTEx_WakeupCallback  stm32g4xx_hal_uart_ex.o
    0x08002224   0x08002224   0x00000002   Code   RO         3520    i.HAL_UART_ErrorCallback  stm32g4xx_hal_uart.o
    0x08002226   0x08002226   0x00000002   PAD
    0x08002228   0x08002228   0x0000019c   Code   RO         3523    i.HAL_UART_IRQHandler  stm32g4xx_hal_uart.o
    0x080023c4   0x080023c4   0x00000002   Code   RO         3526    i.HAL_UART_MspInit  stm32g4xx_hal_uart.o
    0x080023c6   0x080023c6   0x00000002   PAD
    0x080023c8   0x080023c8   0x000000fc   Code   RO         3529    i.HAL_UART_Receive_IT  stm32g4xx_hal_uart.o
    0x080024c4   0x080024c4   0x00000010   Code   RO          685    i.HAL_UART_RxCpltCallback  uart.o
    0x080024d4   0x080024d4   0x00000002   Code   RO         3535    i.HAL_UART_TxCpltCallback  stm32g4xx_hal_uart.o
    0x080024d6   0x080024d6   0x00000002   Code   RO          186    i.HardFault_Handler  stm32g4xx_it.o
    0x080024d8   0x080024d8   0x0000002c   Code   RO          294    i.LCD_BusIn         lcd.o
    0x08002504   0x08002504   0x00000030   Code   RO          295    i.LCD_BusOut        lcd.o
    0x08002534   0x08002534   0x00000024   Code   RO          296    i.LCD_Clear         lcd.o
    0x08002558   0x08002558   0x00000090   Code   RO          298    i.LCD_CtrlLinesConfig  lcd.o
    0x080025e8   0x080025e8   0x00000072   Code   RO          299    i.LCD_DispDecAt     lcd.o
    0x0800265a   0x0800265a   0x00000002   PAD
    0x0800265c   0x0800265c   0x00000128   Code   RO          300    i.LCD_DispFolatAt   lcd.o
    0x08002784   0x08002784   0x00000018   Code   RO          301    i.LCD_DisplayChar   lcd.o
    0x0800279c   0x0800279c   0x0000002c   Code   RO          304    i.LCD_DisplayStringLine  lcd.o
    0x080027c8   0x080027c8   0x0000005c   Code   RO          305    i.LCD_DrawChar      lcd.o
    0x08002824   0x08002824   0x00000034   Code   RO          311    i.LCD_Init          lcd.o
    0x08002858   0x08002858   0x00000080   Code   RO          314    i.LCD_ReadReg       lcd.o
    0x080028d8   0x080028d8   0x00000010   Code   RO          315    i.LCD_SetBackColor  lcd.o
    0x080028e8   0x080028e8   0x00000018   Code   RO          316    i.LCD_SetCursor     lcd.o
    0x08002900   0x08002900   0x00000010   Code   RO          318    i.LCD_SetTextColor  lcd.o
    0x08002910   0x08002910   0x00000058   Code   RO          321    i.LCD_WriteRAM      lcd.o
    0x08002968   0x08002968   0x0000005c   Code   RO          322    i.LCD_WriteRAM_Prepare  lcd.o
    0x080029c4   0x080029c4   0x0000006c   Code   RO          323    i.LCD_WriteReg      lcd.o
    0x08002a30   0x08002a30   0x0000001c   Code   RO          624    i.LED1              led.o
    0x08002a4c   0x08002a4c   0x00000030   Code   RO          625    i.LED_Close         led.o
    0x08002a7c   0x08002a7c   0x00000094   Code   RO          626    i.LED_init          led.o
    0x08002b10   0x08002b10   0x0000000c   Code   RO         3999    i.LL_ADC_GetOffsetChannel  stm32g4xx_hal_adc.o
    0x08002b1c   0x08002b1c   0x00000008   Code   RO         4000    i.LL_ADC_INJ_IsConversionOngoing  stm32g4xx_hal_adc.o
    0x08002b24   0x08002b24   0x00000008   Code   RO         4001    i.LL_ADC_REG_IsConversionOngoing  stm32g4xx_hal_adc.o
    0x08002b2c   0x08002b2c   0x0000001e   Code   RO         4004    i.LL_ADC_SetChannelSamplingTime  stm32g4xx_hal_adc.o
    0x08002b4a   0x08002b4a   0x00000010   Code   RO         4005    i.LL_ADC_SetOffsetState  stm32g4xx_hal_adc.o
    0x08002b5a   0x08002b5a   0x00000002   PAD
    0x08002b5c   0x08002b5c   0x000000b8   Code   RO          830    i.MX_ADC1_Init      adc.o
    0x08002c14   0x08002c14   0x000000b8   Code   RO          831    i.MX_ADC2_Init      adc.o
    0x08002ccc   0x08002ccc   0x00000110   Code   RO          776    i.MX_TIM2_PWM2_Init  pwm.o
    0x08002ddc   0x08002ddc   0x000000cc   Code   RO          686    i.MX_UART1_Init     uart.o
    0x08002ea8   0x08002ea8   0x00000002   Code   RO          187    i.MemManage_Handler  stm32g4xx_it.o
    0x08002eaa   0x08002eaa   0x00000002   Code   RO          188    i.NMI_Handler       stm32g4xx_it.o
    0x08002eac   0x08002eac   0x00000002   Code   RO          189    i.PendSV_Handler    stm32g4xx_it.o
    0x08002eae   0x08002eae   0x00000112   Code   RO          324    i.REG_8230_Init     lcd.o
    0x08002fc0   0x08002fc0   0x00000202   Code   RO          325    i.REG_932X_Init     lcd.o
    0x080031c2   0x080031c2   0x00000002   Code   RO          190    i.SVC_Handler       stm32g4xx_it.o
    0x080031c4   0x080031c4   0x0000002c   Code   RO          777    i.Set_TIM16_PWM1_Duty  pwm.o
    0x080031f0   0x080031f0   0x0000002c   Code   RO          779    i.Set_TIM17_PWM1_Duty  pwm.o
    0x0800321c   0x0800321c   0x00000004   Code   RO          191    i.SysTick_Handler   stm32g4xx_it.o
    0x08003220   0x08003220   0x0000005a   Code   RO            6    i.SystemClock_Config  main.o
    0x0800327a   0x0800327a   0x00000002   PAD
    0x0800327c   0x0800327c   0x0000001c   Code   RO         4414    i.SystemInit        system_stm32g4xx.o
    0x08003298   0x08003298   0x000000b0   Code   RO         1036    i.TIM_Base_SetConfig  stm32g4xx_hal_tim.o
    0x08003348   0x08003348   0x0000001a   Code   RO         1037    i.TIM_CCxChannelCmd  stm32g4xx_hal_tim.o
    0x08003362   0x08003362   0x00000002   PAD
    0x08003364   0x08003364   0x0000009c   Code   RO         1049    i.TIM_OC1_SetConfig  stm32g4xx_hal_tim.o
    0x08003400   0x08003400   0x00000090   Code   RO         1050    i.TIM_OC2_SetConfig  stm32g4xx_hal_tim.o
    0x08003490   0x08003490   0x00000090   Code   RO         1051    i.TIM_OC3_SetConfig  stm32g4xx_hal_tim.o
    0x08003520   0x08003520   0x00000090   Code   RO         1052    i.TIM_OC4_SetConfig  stm32g4xx_hal_tim.o
    0x080035b0   0x080035b0   0x00000070   Code   RO         1053    i.TIM_OC5_SetConfig  stm32g4xx_hal_tim.o
    0x08003620   0x08003620   0x00000070   Code   RO         1054    i.TIM_OC6_SetConfig  stm32g4xx_hal_tim.o
    0x08003690   0x08003690   0x00000064   Code   RO         3886    i.UARTEx_SetNbDataToProcess  stm32g4xx_hal_uart_ex.o
    0x080036f4   0x080036f4   0x000000c8   Code   RO         3537    i.UART_AdvFeatureConfig  stm32g4xx_hal_uart.o
    0x080037bc   0x080037bc   0x0000005e   Code   RO         3538    i.UART_CheckIdleState  stm32g4xx_hal_uart.o
    0x0800381a   0x0800381a   0x00000014   Code   RO         3539    i.UART_DMAAbortOnError  stm32g4xx_hal_uart.o
    0x0800382e   0x0800382e   0x00000002   PAD
    0x08003830   0x08003830   0x00000024   Code   RO         3549    i.UART_EndRxTransfer  stm32g4xx_hal_uart.o
    0x08003854   0x08003854   0x0000005e   Code   RO         3551    i.UART_RxISR_16BIT  stm32g4xx_hal_uart.o
    0x080038b2   0x080038b2   0x00000002   PAD
    0x080038b4   0x080038b4   0x000000a0   Code   RO         3552    i.UART_RxISR_16BIT_FIFOEN  stm32g4xx_hal_uart.o
    0x08003954   0x08003954   0x0000005e   Code   RO         3553    i.UART_RxISR_8BIT   stm32g4xx_hal_uart.o
    0x080039b2   0x080039b2   0x00000002   PAD
    0x080039b4   0x080039b4   0x000000a0   Code   RO         3554    i.UART_RxISR_8BIT_FIFOEN  stm32g4xx_hal_uart.o
    0x08003a54   0x08003a54   0x000007a6   Code   RO         3555    i.UART_SetConfig    stm32g4xx_hal_uart.o
    0x080041fa   0x080041fa   0x00000064   Code   RO         3560    i.UART_WaitOnFlagUntilTimeout  stm32g4xx_hal_uart.o
    0x0800425e   0x0800425e   0x00000002   PAD
    0x08004260   0x08004260   0x0000000c   Code   RO          689    i.USART1_IRQHandler  uart.o
    0x0800426c   0x0800426c   0x00000002   Code   RO          192    i.UsageFault_Handler  stm32g4xx_it.o
    0x0800426e   0x0800426e   0x00000020   Code   RO         3381    i.__NVIC_SetPriority  stm32g4xx_hal_cortex.o
    0x0800428e   0x0800428e   0x0000000e   Code   RO         4770    i.__scatterload_copy  mc_w.l(handlers.o)
    0x0800429c   0x0800429c   0x00000002   Code   RO         4771    i.__scatterload_null  mc_w.l(handlers.o)
    0x0800429e   0x0800429e   0x0000000e   Code   RO         4772    i.__scatterload_zeroinit  mc_w.l(handlers.o)
    0x080042ac   0x080042ac   0x00000018   Code   RO          833    i.getADC2           adc.o
    0x080042c4   0x080042c4   0x00000060   Code   RO          600    i.key_init          key.o
    0x08004324   0x08004324   0x000000ac   Code   RO          521    i.key_scan          menu.o
    0x080043d0   0x080043d0   0x00000040   Code   RO          627    i.led_off           led.o
    0x08004410   0x08004410   0x00000040   Code   RO          629    i.led_on            led.o
    0x08004450   0x08004450   0x00000006   Code   RO            7    i.main              main.o
    0x08004456   0x08004456   0x00000002   PAD
    0x08004458   0x08004458   0x000000f4   Code   RO          522    i.menu_First        menu.o
    0x0800454c   0x0800454c   0x00000012   Code   RO          523    i.menu_init         menu.o
    0x0800455e   0x0800455e   0x00000002   PAD
    0x08004560   0x08004560   0x00000054   Code   RO          524    i.show_Voltage      menu.o
    0x080045b4   0x080045b4   0x0000005c   Code   RO          525    i.show_data         menu.o
    0x08004610   0x08004610   0x00000030   Code   RO          526    i.show_data_s       menu.o
    0x08004640   0x08004640   0x00000068   Code   RO          527    i.show_para         menu.o
    0x080046a8   0x080046a8   0x0000009c   Code   RO          528    i.show_para_s       menu.o
    0x08004744   0x08004744   0x000011e8   Data   RO          326    .constdata          lcd.o
    0x0800592c   0x0800592c   0x00000010   Data   RO         4415    .constdata          system_stm32g4xx.o
    0x0800593c   0x0800593c   0x00000008   Data   RO         4416    .constdata          system_stm32g4xx.o
    0x08005944   0x08005944   0x00000020   Data   RO         4768    Region$$Table       anon$$obj.o


    Execution Region RW_IRAM1 (Exec base: 0x20000000, Load base: 0x08005964, Size: 0x000006f8, Max: 0x00008000, ABSOLUTE)

    Exec Addr    Load Addr    Size         Type   Attr      Idx    E Section Name        Object

    0x20000000   0x08005964   0x00000006   Data   RW          327    .data               lcd.o
    0x20000006   0x0800596a   0x00000002   PAD
    0x20000008   0x0800596c   0x00000008   Data   RW          529    .data               menu.o
    0x20000010   0x08005974   0x00000002   Data   RW          630    .data               led.o
    0x20000012   0x08005976   0x00000002   PAD
    0x20000014   0x08005978   0x0000000c   Data   RW         2124    .data               stm32g4xx_hal.o
    0x20000020   0x08005984   0x00000004   Data   RW         4417    .data               system_stm32g4xx.o
    0x20000024        -       0x00000128   Zero   RW          691    .bss                uart.o
    0x2000014c        -       0x000000d0   Zero   RW          781    .bss                pwm.o
    0x2000021c        -       0x000000d8   Zero   RW          834    .bss                adc.o
    0x200002f4   0x08005988   0x00000004   PAD
    0x200002f8        -       0x00000400   Zero   RW          283    STACK               startup_stm32g431xx.o


==============================================================================

Image component sizes


      Code (inc. data)   RO Data    RW Data    ZI Data      Debug   Object Name

       392         42          0          0        216       2282   adc.o
        96         10          0          0          0        827   key.o
      2182         98       4584          6          0      13092   lcd.o
       352         52          0          2          0       2984   led.o
       142          0          0          0          0     642475   main.o
       918        154          0          8          0       4939   menu.o
       360         24          0          0        208       2420   pwm.o
        36          8        472          0       1024        832   startup_stm32g431xx.o
       162         24          0         12          0       4249   stm32g4xx_hal.o
      1990        102          0          0          0      76237   stm32g4xx_hal_adc.o
       198         14          0          0          0      33887   stm32g4xx_hal_cortex.o
       120          0          0          0          0       1179   stm32g4xx_hal_dma.o
       476         34          0          0          0       3063   stm32g4xx_hal_gpio.o
        56          8          0          0          0       8646   stm32g4xx_hal_msp.o
       188         14          0          0          0        830   stm32g4xx_hal_pwr_ex.o
      1696         92          0          0          0       5920   stm32g4xx_hal_rcc.o
       648         10          0          0          0       1856   stm32g4xx_hal_rcc_ex.o
      1784        222          0          0          0      11225   stm32g4xx_hal_tim.o
      3724        106          0          0          0      14601   stm32g4xx_hal_uart.o
       320         18          0          0          0       5266   stm32g4xx_hal_uart_ex.o
        20          0          0          0          0       3998   stm32g4xx_it.o
        28          6         24          4          0       1099   system_stm32g4xx.o
       232         24          0          0        296       3024   uart.o

    ----------------------------------------------------------------------
     16154       1062       5112         36       1748     844931   Object Totals
         0          0         32          0          0          0   (incl. Generated)
        34          0          0          4          4          0   (incl. Padding)

    ----------------------------------------------------------------------

      Code (inc. data)   RO Data    RW Data    ZI Data      Debug   Library Member Name

         0          0          0          0          0          0   entry.o
         0          0          0          0          0          0   entry10a.o
         0          0          0          0          0          0   entry11a.o
         8          4          0          0          0          0   entry2.o
         4          0          0          0          0          0   entry5.o
         0          0          0          0          0          0   entry7b.o
         0          0          0          0          0          0   entry8b.o
         8          4          0          0          0          0   entry9a.o
        30          0          0          0          0          0   handlers.o
        36          8          0          0          0         68   init.o
         0          0          0          0          0          0   iusefp.o
        30          0          0          0          0         68   llshl.o
        36          0          0          0          0         68   llsshr.o
        32          0          0          0          0         68   llushr.o
        36          0          0          0          0         68   memcpya.o
        36          0          0          0          0        108   memseta.o
        98          0          0          0          0         92   uldiv.o
        56          0          0          0          0         88   d2f.o
       334          0          0          0          0        148   dadd.o
       222          0          0          0          0        100   ddiv.o
       186          0          0          0          0        176   depilogue.o
        62          0          0          0          0         80   dfixi.o
        26          0          0          0          0         76   dfltui.o
       228          0          0          0          0         96   dmul.o
        38          0          0          0          0         68   f2d.o
       110          0          0          0          0        168   fepilogue.o

    ----------------------------------------------------------------------
      1618         16          0          0          0       1540   Library Totals
         2          0          0          0          0          0   (incl. Padding)

    ----------------------------------------------------------------------

      Code (inc. data)   RO Data    RW Data    ZI Data      Debug   Library Name

       354         16          0          0          0        540   mc_w.l
      1262          0          0          0          0       1000   mf_w.l

    ----------------------------------------------------------------------
      1618         16          0          0          0       1540   Library Totals

    ----------------------------------------------------------------------

==============================================================================


      Code (inc. data)   RO Data    RW Data    ZI Data      Debug   

     17772       1078       5112         36       1748     834299   Grand Totals
     17772       1078       5112         36       1748     834299   ELF Image Totals
     17772       1078       5112         36          0          0   ROM Totals

==============================================================================

    Total RO  Size (Code + RO Data)                22884 (  22.35kB)
    Total RW  Size (RW Data + ZI Data)              1784 (   1.74kB)
    Total ROM Size (Code + RO Data + RW Data)      22920 (  22.38kB)

==============================================================================

